MPLINK 4.39, Linker
Linker Map File - Created Tue Jul 12 21:08:21 2011

                                 Section Info
                  Section       Type    Address   Location Size(Bytes)
                ---------  ---------  ---------  ---------  ---------
               _entry_scn       code   0x000000    program   0x000006
           .code___init.o       code   0x000006    program   0x000002
REMAPPED_HIGH_INTERRUPT_VECTOR       code   0x000008    program   0x00000e
       .code__user_putc.o       code   0x000016    program   0x000002
REMAPPED_LOW_INTERRUPT_VECTOR       code   0x000018    program   0x000006
                   .cinit    romdata   0x00001e    program   0x00000e
       .code_user_mouse.o       code   0x00002c    program   0x00155a
          .code_LCDdisp.o       code   0x001586    program   0x000d10
         .code_vfprintf.o       code   0x002296    program   0x000c22
             .code_main.o       code   0x002eb8    program   0x0003c6
             .code_usb9.o       code   0x00327e    program   0x000308
       .code_usbctrltrf.o       code   0x003586    program   0x0002e8
              .code_hid.o       code   0x00386e    program   0x000222
           .code_usbdrv.o       code   0x003a90    program   0x000186
        .romdata_usbdsc.o    romdata   0x003c16    program   0x00011c
                     PROG       code   0x003d32    program   0x0000c2
          .code_sprintf.o       code   0x003df4    program   0x0000ac
               _cinit_scn       code   0x003ea0    program   0x00009e
             .code_putc.o       code   0x003f3e    program   0x000084
          .code_fxm3232.o       code   0x003fc2    program   0x000070
                   STRING       code   0x004032    program   0x000066
         .code_fxd3232u.o       code   0x004098    program   0x000048
         .code_fxd1616u.o       code   0x0040e0    program   0x00002c
                    CTYPE       code   0x00410c    program   0x000024
                    .code       code   0x004130    program   0x000020
             _startup_scn       code   0x004150    program   0x00001c
                    STDIO       code   0x00416c    program   0x00001c
      .romdata_vfprintf.o    romdata   0x004188    program   0x000011
             .stringtable    romdata   0x004199    program   0x000005
      .romdata_fxd3232u.o    romdata   0x00419e    program   0x000000
       .romdata_LCDdisp.o    romdata   0x00419e    program   0x000000
    .romdata_user_mouse.o    romdata   0x00419e    program   0x000000
    .idata_user_mouse.o_i    romdata   0x00419e    program   0x00001d
           .romdata_hid.o    romdata   0x00419e    program   0x000000
      .romdata_fxd1616u.o    romdata   0x00419e    program   0x000000
          .romdata_main.o    romdata   0x00419e    program   0x000000
    .romdata_usbctrltrf.o    romdata   0x00419e    program   0x000000
         .romdata_c018i.o    romdata   0x00419e    program   0x000000
    .romdata__user_putc.o    romdata   0x00419e    program   0x000000
          .romdata_putc.o    romdata   0x00419e    program   0x000000
      .idata_vfprintf.o_i    romdata   0x00419e    program   0x000000
       .romdata_sprintf.o    romdata   0x00419e    program   0x000000
       .romdata_usbmmap.o    romdata   0x00419e    program   0x000000
        .romdata_usbdrv.o    romdata   0x00419e    program   0x000000
        .romdata___init.o    romdata   0x00419e    program   0x000000
          .romdata_usb9.o    romdata   0x00419e    program   0x000000
       .romdata_fxm3232.o    romdata   0x00419e    program   0x000000
       .idata_sprintf.o_i    romdata   0x0041bb    program   0x000000
      .idata_fxd3232u.o_i    romdata   0x0041bb    program   0x000000
          .idata_putc.o_i    romdata   0x0041bb    program   0x000000
        .idata___init.o_i    romdata   0x0041bb    program   0x000000
    .idata__user_putc.o_i    romdata   0x0041bb    program   0x000000
       .idata_fxm3232.o_i    romdata   0x0041bb    program   0x000000
         .idata_c018i.o_i    romdata   0x0041bb    program   0x000000
       .idata_usbmmap.o_i    romdata   0x0041bb    program   0x000000
        .idata_usbdrv.o_i    romdata   0x0041bb    program   0x000000
          .idata_usb9.o_i    romdata   0x0041bb    program   0x000000
        .idata_usbdsc.o_i    romdata   0x0041bb    program   0x000000
    .idata_usbctrltrf.o_i    romdata   0x0041bb    program   0x000000
           .idata_hid.o_i    romdata   0x0041bb    program   0x000000
          .idata_main.o_i    romdata   0x0041bb    program   0x000000
       .idata_LCDdisp.o_i    romdata   0x0041bb    program   0x000000
      .idata_fxd1616u.o_i    romdata   0x0041bb    program   0x000000
           .code_usbdsc.o       code   0x0041bc    program   0x000000
          .code_usbmmap.o       code   0x0041bc    program   0x000000
            .code_c018i.o       code   0x0041bc    program   0x000000
                   idlocs    romdata   0x200000    program   0x000008
    .config_300000_main.o    romdata   0x300000    program   0x000001
    .config_300001_main.o    romdata   0x300001    program   0x000001
    .config_300002_main.o    romdata   0x300002    program   0x000001
    .config_300003_main.o    romdata   0x300003    program   0x000001
    .config_300005_main.o    romdata   0x300005    program   0x000001
    .config_300006_main.o    romdata   0x300006    program   0x000001
    .config_300008_main.o    romdata   0x300008    program   0x000001
    .config_300009_main.o    romdata   0x300009    program   0x000001
    .config_30000a_main.o    romdata   0x30000a    program   0x000001
    .config_30000b_main.o    romdata   0x30000b    program   0x000001
    .config_30000c_main.o    romdata   0x30000c    program   0x000001
    .config_30000d_main.o    romdata   0x30000d    program   0x000001
                    devid    romdata   0x3ffffe    program   0x000002
                MATH_DATA      udata   0x000000       data   0x000014
                 .tmpdata      udata   0x000014       data   0x000010
YourHighPriorityISRCode_tmp      udata   0x000024       data   0x000008
YourLowPriorityISRCode_tmp      udata   0x00002c       data   0x000002
               ISRtmpdata      udata   0x00002e       data   0x000000
      .udata_user_mouse.o      udata   0x000060       data   0x000091
           .udata_c018i.o      udata   0x0000f1       data   0x00000a
         .udata_usbmmap.o      udata   0x0000fb       data   0x000004
         .idata_LCDdisp.o      idata   0x0000ff       data   0x000000
        .udata_fxd1616u.o      udata   0x0000ff       data   0x000000
        .idata_fxd1616u.o      idata   0x0000ff       data   0x000000
        .udata_fxd3232u.o      udata   0x0000ff       data   0x000000
        .idata_fxd3232u.o      idata   0x0000ff       data   0x000000
         .udata_fxm3232.o      udata   0x0000ff       data   0x000000
         .idata_fxm3232.o      idata   0x0000ff       data   0x000000
          .udata___init.o      udata   0x0000ff       data   0x000000
          .idata___init.o      idata   0x0000ff       data   0x000000
         .udata_sprintf.o      udata   0x0000ff       data   0x000000
         .idata_sprintf.o      idata   0x0000ff       data   0x000000
        .udata_vfprintf.o      udata   0x0000ff       data   0x000000
        .idata_vfprintf.o      idata   0x0000ff       data   0x000000
            .udata_putc.o      udata   0x0000ff       data   0x000000
            .idata_putc.o      idata   0x0000ff       data   0x000000
      .udata__user_putc.o      udata   0x0000ff       data   0x000000
      .idata__user_putc.o      idata   0x0000ff       data   0x000000
            .idata_main.o      idata   0x0000ff       data   0x000000
            .udata_main.o      udata   0x0000ff       data   0x000000
           .idata_c018i.o      idata   0x0000ff       data   0x000000
         .idata_usbmmap.o      idata   0x0000ff       data   0x000000
          .idata_usbdrv.o      idata   0x0000ff       data   0x000000
            .udata_usb9.o      udata   0x0000ff       data   0x000000
            .idata_usb9.o      idata   0x0000ff       data   0x000000
          .udata_usbdsc.o      udata   0x0000ff       data   0x000000
          .idata_usbdsc.o      idata   0x0000ff       data   0x000000
      .idata_usbctrltrf.o      idata   0x0000ff       data   0x000000
             .idata_hid.o      idata   0x0000ff       data   0x000000
         .udata_LCDdisp.o      udata   0x0000ff       data   0x000000
                   .stack      udata   0x000300       data   0x000100
                  usbram4      udata   0x000400       data   0x0000a0
      .idata_user_mouse.o      idata   0x0004a0       data   0x00001d
      .udata_usbctrltrf.o      udata   0x0004bd       data   0x000008
             .udata_hid.o      udata   0x0004c5       data   0x000003
          .udata_usbdrv.o      udata   0x0004c8       data   0x000002
            SFR_UNBANKED0      udata   0x000f66       data   0x00009a



                              Program Memory Usage 
                               Start         End      
                           ---------   ---------      
                            0x000000    0x0041ba      
                            0x200000    0x200007      
                            0x300000    0x300003      
                            0x300005    0x300006      
                            0x300008    0x30000d      
                            0x3ffffe    0x3fffff      
            16849 out of 33048 program addresses used, program memory utilization is 50%



                              Symbols - Sorted by Name
                     Name    Address   Location    Storage File                     
                ---------  ---------  ---------  --------- ---------                
          ClassReqHandler   0x003d30    program     extern C:\Users\mizutani\all\PIC\RadCountUsb\RadCountUsbDev\autofiles\usbdsc.c
               ClearArray   0x003bec    program     extern C:\Users\mizutani\all\PIC\RadCountUsb\RadCountUsbDev\system\usb\usbdrv\usbdrv.c
                   D3232S   0x003d62    program     static C:\MCC18\src\traditional\math\fxd3232s.asm
                D3232SNEG   0x003d70    program     static C:\MCC18\src\traditional\math\fxd3232s.asm
                 D3232SOK   0x003d6c    program     static C:\MCC18\src\traditional\math\fxd3232s.asm
                  D3232SX   0x003d90    program     static C:\MCC18\src\traditional\math\fxd3232s.asm
                  DA3232S   0x003d4c    program     static C:\MCC18\src\traditional\math\fxd3232s.asm
               DispSwitch   0x000434    program     extern C:\Users\mizutani\all\PIC\RadCountUsb\RadCountUsbDev\user\user_mouse.c
            DispUSBStatus   0x0001c4    program     extern C:\Users\mizutani\all\PIC\RadCountUsb\RadCountUsbDev\user\user_mouse.c
                 FXD1616U   0x0040e0    program     extern C:\MCC18\src\traditional\math\fxd1616u.c
                 FXD3232S   0x003d32    program     extern C:\MCC18\src\traditional\math\fxd3232s.asm
                 FXD3232U   0x004098    program     extern C:\MCC18\src\traditional\math\fxd3232u.c
                 FXM1616S   0x003d9a    program     extern C:\MCC18\src\traditional\math\fxm1616s.asm
                  FXM3232   0x003fc2    program     extern C:\MCC18\src\traditional\math\fxm3232.c
                GetSwitch   0x000464    program     extern C:\Users\mizutani\all\PIC\RadCountUsb\RadCountUsbDev\user\user_mouse.c
      HIDGetReportHandler   0x00396e    program     extern C:\Users\mizutani\all\PIC\RadCountUsb\RadCountUsbDev\system\usb\class\hid\hid.c
                HIDInitEP   0x003972    program     extern C:\Users\mizutani\all\PIC\RadCountUsb\RadCountUsbDev\system\usb\class\hid\hid.c
              HIDRxReport   0x003a10    program     extern C:\Users\mizutani\all\PIC\RadCountUsb\RadCountUsbDev\system\usb\class\hid\hid.c
      HIDSetReportHandler   0x003970    program     extern C:\Users\mizutani\all\PIC\RadCountUsb\RadCountUsbDev\system\usb\class\hid\hid.c
              HIDTxReport   0x00399c    program     extern C:\Users\mizutani\all\PIC\RadCountUsb\RadCountUsbDev\system\usb\class\hid\hid.c
         InitializeSystem   0x003258    program     static C:\Users\mizutani\all\PIC\RadCountUsb\RadCountUsbDev\main.c
                 LCDclear   0x001bf0    program     extern C:\Users\mizutani\all\PIC\RadCountUsb\RadCountUsbDev\LCDdisp.c
                LCDcursor   0x001754    program     extern C:\Users\mizutani\all\PIC\RadCountUsb\RadCountUsbDev\LCDdisp.c
                  LCDinit   0x001c08    program     extern C:\Users\mizutani\all\PIC\RadCountUsb\RadCountUsbDev\LCDdisp.c
                LCDoutput   0x0015ce    program     extern C:\Users\mizutani\all\PIC\RadCountUsb\RadCountUsbDev\LCDdisp.c
              LCDposition   0x0017a4    program     extern C:\Users\mizutani\all\PIC\RadCountUsb\RadCountUsbDev\LCDdisp.c
                 LCDprint   0x00181c    program     extern C:\Users\mizutani\all\PIC\RadCountUsb\RadCountUsbDev\LCDdisp.c
              LCDprintDec   0x0019ca    program     extern C:\Users\mizutani\all\PIC\RadCountUsb\RadCountUsbDev\LCDdisp.c
              LCDprintHex   0x0018ce    program     extern C:\Users\mizutani\all\PIC\RadCountUsb\RadCountUsbDev\LCDdisp.c
                ProcessIO   0x000596    program     extern C:\Users\mizutani\all\PIC\RadCountUsb\RadCountUsbDev\user\user_mouse.c
        Remapped_High_ISR   0x000008    program     extern C:\Users\mizutani\all\PIC\RadCountUsb\RadCountUsbDev\main.c
         Remapped_Low_ISR   0x000018    program     extern C:\Users\mizutani\all\PIC\RadCountUsb\RadCountUsbDev\main.c
               TSIGN1616A   0x003de6    program     static C:\MCC18\src\traditional\math\fxm1616s.asm
        USBCheckBusStatus   0x003a90    program     extern C:\Users\mizutani\all\PIC\RadCountUsb\RadCountUsbDev\system\usb\usbdrv\usbdrv.c
       USBCheckHIDRequest   0x00386e    program     extern C:\Users\mizutani\all\PIC\RadCountUsb\RadCountUsbDev\system\usb\class\hid\hid.c
       USBCheckStdRequest   0x00327e    program     extern C:\Users\mizutani\all\PIC\RadCountUsb\RadCountUsbDev\system\usb\usb9\usb9.c
         USBCtrlEPService   0x003586    program     extern C:\Users\mizutani\all\PIC\RadCountUsb\RadCountUsbDev\system\usb\usbctrltrf\usbctrltrf.c
 USBCtrlEPServiceComplete   0x0037c6    program     extern C:\Users\mizutani\all\PIC\RadCountUsb\RadCountUsbDev\system\usb\usbctrltrf\usbctrltrf.c
      USBCtrlTrfInHandler   0x003636    program     extern C:\Users\mizutani\all\PIC\RadCountUsb\RadCountUsbDev\system\usb\usbctrltrf\usbctrltrf.c
     USBCtrlTrfOutHandler   0x003616    program     extern C:\Users\mizutani\all\PIC\RadCountUsb\RadCountUsbDev\system\usb\usbctrltrf\usbctrltrf.c
      USBCtrlTrfRxService   0x00374c    program     extern C:\Users\mizutani\all\PIC\RadCountUsb\RadCountUsbDev\system\usb\usbctrltrf\usbctrltrf.c
   USBCtrlTrfSetupHandler   0x0035aa    program     extern C:\Users\mizutani\all\PIC\RadCountUsb\RadCountUsbDev\system\usb\usbctrltrf\usbctrltrf.c
      USBCtrlTrfTxService   0x003670    program     extern C:\Users\mizutani\all\PIC\RadCountUsb\RadCountUsbDev\system\usb\usbctrltrf\usbctrltrf.c
         USBDriverService   0x003ace    program     extern C:\Users\mizutani\all\PIC\RadCountUsb\RadCountUsbDev\system\usb\usbdrv\usbdrv.c
          USBErrorHandler   0x003ba4    program     extern C:\Users\mizutani\all\PIC\RadCountUsb\RadCountUsbDev\system\usb\usbdrv\usbdrv.c
         USBModuleDisable   0x003ac0    program     extern C:\Users\mizutani\all\PIC\RadCountUsb\RadCountUsbDev\system\usb\usbdrv\usbdrv.c
          USBModuleEnable   0x003ab2    program     extern C:\Users\mizutani\all\PIC\RadCountUsb\RadCountUsbDev\system\usb\usbdrv\usbdrv.c
USBPrepareForNextSetupTrf   0x003852    program     extern C:\Users\mizutani\all\PIC\RadCountUsb\RadCountUsbDev\system\usb\usbctrltrf\usbctrltrf.c
  USBProtocolResetHandler   0x003ba8    program     extern C:\Users\mizutani\all\PIC\RadCountUsb\RadCountUsbDev\system\usb\usbdrv\usbdrv.c
          USBRemoteWakeup   0x003b6e    program     extern C:\Users\mizutani\all\PIC\RadCountUsb\RadCountUsbDev\system\usb\usbdrv\usbdrv.c
            USBSoftDetach   0x003aca    program     extern C:\Users\mizutani\all\PIC\RadCountUsb\RadCountUsbDev\system\usb\usbdrv\usbdrv.c
          USBStallHandler   0x003b96    program     extern C:\Users\mizutani\all\PIC\RadCountUsb\RadCountUsbDev\system\usb\usbdrv\usbdrv.c
  USBStdFeatureReqHandler   0x0034e4    program     extern C:\Users\mizutani\all\PIC\RadCountUsb\RadCountUsbDev\system\usb\usb9\usb9.c
      USBStdGetDscHandler   0x003340    program     extern C:\Users\mizutani\all\PIC\RadCountUsb\RadCountUsbDev\system\usb\usb9\usb9.c
   USBStdGetStatusHandler   0x003448    program     extern C:\Users\mizutani\all\PIC\RadCountUsb\RadCountUsbDev\system\usb\usb9\usb9.c
      USBStdSetCfgHandler   0x0033f8    program     extern C:\Users\mizutani\all\PIC\RadCountUsb\RadCountUsbDev\system\usb\usb9\usb9.c
               USBSuspend   0x003b4c    program     extern C:\Users\mizutani\all\PIC\RadCountUsb\RadCountUsbDev\system\usb\usbdrv\usbdrv.c
                 USBTasks   0x003270    program     extern C:\Users\mizutani\all\PIC\RadCountUsb\RadCountUsbDev\main.c
       USBWakeFromSuspend   0x003b66    program     extern C:\Users\mizutani\all\PIC\RadCountUsb\RadCountUsbDev\system\usb\usbdrv\usbdrv.c
               USB_CD_Ptr   0x003d24    program     extern C:\Users\mizutani\all\PIC\RadCountUsb\RadCountUsbDev\autofiles\usbdsc.c
               USB_SD_Ptr   0x003d28    program     extern C:\Users\mizutani\all\PIC\RadCountUsb\RadCountUsbDev\autofiles\usbdsc.c
          USB_SOF_Handler   0x003b92    program     extern C:\Users\mizutani\all\PIC\RadCountUsb\RadCountUsbDev\system\usb\usbdrv\usbdrv.c
                UpdateOsc   0x0004b0    program     extern C:\Users\mizutani\all\PIC\RadCountUsb\RadCountUsbDev\user\user_mouse.c
                 UserInit   0x00002c    program     extern C:\Users\mizutani\all\PIC\RadCountUsb\RadCountUsbDev\user\user_mouse.c
  YourHighPriorityISRCode   0x002eb8    program     extern C:\Users\mizutani\all\PIC\RadCountUsb\RadCountUsbDev\main.c
   YourLowPriorityISRCode   0x00305e    program     extern C:\Users\mizutani\all\PIC\RadCountUsb\RadCountUsbDev\main.c
                   _2jEnd   0x004082    program     static C:\MCC18\src\traditional\stdclib\slenpgm.asm
           ___if_lbl00029   0x003b60    program     static                          
       ___return_lbl00000   0x000014    program     static                          
       ___return_lbl00000   0x000004    program     static                          
       ___return_lbl00000   0x00410a    program     static                          
       ___return_lbl00000   0x0040de    program     static                          
       ___return_lbl00000   0x004030    program     static                          
       ___return_lbl00001   0x00001c    program     static                          
       ___return_lbl00001   0x00416a    program     static                          
       ___return_lbl00002   0x003f3c    program     static                          
       ___return_lbl00028   0x003b64    program     static                          
       ___return_lbl00043   0x003c0e    program     static                          
        ___while_lbl00044   0x003c00    program     static                          
        ___while_lbl00045   0x003c0e    program     static                          
               __config_0   0x300000    program     static C:\Users\mizutani\all\PIC\RadCountUsb\RadCountUsbDev\main.c
               __config_1   0x300001    program     static C:\Users\mizutani\all\PIC\RadCountUsb\RadCountUsbDev\main.c
              __config_10   0x30000c    program     static C:\Users\mizutani\all\PIC\RadCountUsb\RadCountUsbDev\main.c
              __config_11   0x30000d    program     static C:\Users\mizutani\all\PIC\RadCountUsb\RadCountUsbDev\main.c
               __config_2   0x300002    program     static C:\Users\mizutani\all\PIC\RadCountUsb\RadCountUsbDev\main.c
               __config_3   0x300003    program     static C:\Users\mizutani\all\PIC\RadCountUsb\RadCountUsbDev\main.c
               __config_4   0x300005    program     static C:\Users\mizutani\all\PIC\RadCountUsb\RadCountUsbDev\main.c
               __config_5   0x300006    program     static C:\Users\mizutani\all\PIC\RadCountUsb\RadCountUsbDev\main.c
               __config_6   0x300008    program     static C:\Users\mizutani\all\PIC\RadCountUsb\RadCountUsbDev\main.c
               __config_7   0x300009    program     static C:\Users\mizutani\all\PIC\RadCountUsb\RadCountUsbDev\main.c
               __config_8   0x30000a    program     static C:\Users\mizutani\all\PIC\RadCountUsb\RadCountUsbDev\main.c
               __config_9   0x30000b    program     static C:\Users\mizutani\all\PIC\RadCountUsb\RadCountUsbDev\main.c
                   __init   0x000006    program     extern C:\MCC18\src\traditional\stdclib\__init.c
                   __pa_0   0x002bd6    program     static C:\MCC18\src\traditional\stdclib\vfprintf.c
                   __pa_1   0x002bde    program     static C:\MCC18\src\traditional\stdclib\vfprintf.c
                  __pa_10   0x002c92    program     static C:\MCC18\src\traditional\stdclib\vfprintf.c
                  __pa_11   0x002ca0    program     static C:\MCC18\src\traditional\stdclib\vfprintf.c
                  __pa_12   0x002cb6    program     static C:\MCC18\src\traditional\stdclib\vfprintf.c
                  __pa_13   0x002cd0    program     static C:\MCC18\src\traditional\stdclib\vfprintf.c
                  __pa_14   0x002ce8    program     static C:\MCC18\src\traditional\stdclib\vfprintf.c
                  __pa_15   0x002cf8    program     static C:\MCC18\src\traditional\stdclib\vfprintf.c
                  __pa_16   0x002d0e    program     static C:\MCC18\src\traditional\stdclib\vfprintf.c
                  __pa_17   0x002d20    program     static C:\MCC18\src\traditional\stdclib\vfprintf.c
                  __pa_18   0x002d32    program     static C:\MCC18\src\traditional\stdclib\vfprintf.c
                  __pa_19   0x002d3c    program     static C:\MCC18\src\traditional\stdclib\vfprintf.c
                   __pa_2   0x002be8    program     static C:\MCC18\src\traditional\stdclib\vfprintf.c
                  __pa_20   0x002d4c    program     static C:\MCC18\src\traditional\stdclib\vfprintf.c
                  __pa_21   0x002d5c    program     static C:\MCC18\src\traditional\stdclib\vfprintf.c
                  __pa_22   0x002d6c    program     static C:\MCC18\src\traditional\stdclib\vfprintf.c
                  __pa_23   0x002d78    program     static C:\MCC18\src\traditional\stdclib\vfprintf.c
                  __pa_24   0x002d86    program     static C:\MCC18\src\traditional\stdclib\vfprintf.c
                  __pa_25   0x002d8e    program     static C:\MCC18\src\traditional\stdclib\vfprintf.c
                  __pa_26   0x002d98    program     static C:\MCC18\src\traditional\stdclib\vfprintf.c
                  __pa_27   0x002da2    program     static C:\MCC18\src\traditional\stdclib\vfprintf.c
                  __pa_28   0x002daa    program     static C:\MCC18\src\traditional\stdclib\vfprintf.c
                  __pa_29   0x002db8    program     static C:\MCC18\src\traditional\stdclib\vfprintf.c
                   __pa_3   0x002bf2    program     static C:\MCC18\src\traditional\stdclib\vfprintf.c
                  __pa_30   0x002dd4    program     static C:\MCC18\src\traditional\stdclib\vfprintf.c
                  __pa_31   0x002dee    program     static C:\MCC18\src\traditional\stdclib\vfprintf.c
                  __pa_32   0x002e08    program     static C:\MCC18\src\traditional\stdclib\vfprintf.c
                  __pa_33   0x002e20    program     static C:\MCC18\src\traditional\stdclib\vfprintf.c
                  __pa_34   0x002e2a    program     static C:\MCC18\src\traditional\stdclib\vfprintf.c
                  __pa_35   0x002e38    program     static C:\MCC18\src\traditional\stdclib\vfprintf.c
                  __pa_36   0x002e40    program     static C:\MCC18\src\traditional\stdclib\vfprintf.c
                  __pa_37   0x002e4a    program     static C:\MCC18\src\traditional\stdclib\vfprintf.c
                  __pa_38   0x002e5a    program     static C:\MCC18\src\traditional\stdclib\vfprintf.c
                  __pa_39   0x002e68    program     static C:\MCC18\src\traditional\stdclib\vfprintf.c
                   __pa_4   0x002c0a    program     static C:\MCC18\src\traditional\stdclib\vfprintf.c
                  __pa_40   0x002e74    program     static C:\MCC18\src\traditional\stdclib\vfprintf.c
                  __pa_41   0x002e80    program     static C:\MCC18\src\traditional\stdclib\vfprintf.c
                  __pa_42   0x002e88    program     static C:\MCC18\src\traditional\stdclib\vfprintf.c
                  __pa_43   0x002e92    program     static C:\MCC18\src\traditional\stdclib\vfprintf.c
                  __pa_44   0x002e98    program     static C:\MCC18\src\traditional\stdclib\vfprintf.c
                  __pa_45   0x002ea2    program     static C:\MCC18\src\traditional\stdclib\vfprintf.c
                  __pa_46   0x002eae    program     static C:\MCC18\src\traditional\stdclib\vfprintf.c
                   __pa_5   0x002c1e    program     static C:\MCC18\src\traditional\stdclib\vfprintf.c
                   __pa_6   0x002c3a    program     static C:\MCC18\src\traditional\stdclib\vfprintf.c
                   __pa_7   0x002c44    program     static C:\MCC18\src\traditional\stdclib\vfprintf.c
                   __pa_8   0x002c50    program     static C:\MCC18\src\traditional\stdclib\vfprintf.c
                   __pa_9   0x002c72    program     static C:\MCC18\src\traditional\stdclib\vfprintf.c
               __string_0   0x004199    program     static C:\Users\mizutani\all\PIC\RadCountUsb\RadCountUsbDev\LCDdisp.c
              __tmplbl_15   0x00143a    program     static                          
              __tmplbl_16   0x0011f0    program     static                          
              __tmplbl_42   0x002d6c    program     static                          
              __tmplbl_43   0x002bb4    program     static                          
              __tmplbl_44   0x002b9a    program     static                          
              __tmplbl_85   0x0022ec    program     static                          
            __zero_memory   0x004130    program     extern C:\MCC18\src\traditional\proc\p18F2550.asm
                _do_cinit   0x003ea0    program     extern C:\MCC18\src\traditional\startup\c018i.c
                   _entry   0x000000    program     extern C:\MCC18\src\traditional\startup\c018i.c
                   _false   0x0040da    program     static                          
                 _startup   0x004150    program     extern C:\MCC18\src\traditional\startup\c018i.c
              _usart_putc   0x00416c    program     extern C:\MCC18\src\pmc_common\USART\_usartpc.asm
               _user_putc   0x000016    program     extern C:\MCC18\src\traditional\stdclib\_user_putc.c
                    cfg01   0x003c28    program     extern C:\Users\mizutani\all\PIC\RadCountUsb\RadCountUsbDev\autofiles\usbdsc.c
                    cfg02   0x003c51    program     extern C:\Users\mizutani\all\PIC\RadCountUsb\RadCountUsbDev\autofiles\usbdsc.c
                compare_l   0x004146    program     static C:\MCC18\src\traditional\proc\p18F2550.asm
                copy_loop   0x003f12    program     static                          
            copy_one_byte   0x003f18    program     static                          
                    delay   0x001586    program     extern C:\Users\mizutani\all\PIC\RadCountUsb\RadCountUsbDev\LCDdisp.c
               device_dsc   0x003c16    program     extern C:\Users\mizutani\all\PIC\RadCountUsb\RadCountUsbDev\autofiles\usbdsc.c
                  devidID   0x3ffffe    program     extern C:\Users\mizutani\all\PIC\RadCountUsb\RadCountUsbDev\main.c
                     done   0x003f3c    program     static                          
             done_copying   0x003f26    program     static                          
                  endloop   0x004106    program     static                          
                hid_rpt01   0x003d07    program     extern C:\Users\mizutani\all\PIC\RadCountUsb\RadCountUsbDev\autofiles\usbdsc.c
                idlocData   0x200000    program     extern C:\Users\mizutani\all\PIC\RadCountUsb\RadCountUsbDev\main.c
                  isdigit   0x00410c    program     extern C:\MCC18\src\traditional\stdclib\isdigit.asm
                     jEnd   0x004084    program     static C:\MCC18\src\traditional\stdclib\slenpgm.asm
                     jEnd   0x00404c    program     static C:\MCC18\src\traditional\stdclib\strlen.asm
                    jLoop   0x00406c    program     static C:\MCC18\src\traditional\stdclib\slenpgm.asm
                    jLoop   0x004042    program     static C:\MCC18\src\traditional\stdclib\strlen.asm
                   jMatch   0x00412c    program     static C:\MCC18\src\traditional\stdclib\isdigit.asm
                 jNoMatch   0x00412e    program     static C:\MCC18\src\traditional\stdclib\isdigit.asm
                     loop   0x00417c    program     static C:\MCC18\src\pmc_common\USART\_usartpc.asm
                     loop   0x0040ea    program     static                          
                     loop   0x0040a6    program     static                          
                     loop   0x004160    program     static                          
                   loop_h   0x00413e    program     static C:\MCC18\src\traditional\proc\p18F2550.asm
                   loop_l   0x004148    program     static C:\MCC18\src\traditional\proc\p18F2550.asm
                     main   0x00324c    program     extern C:\Users\mizutani\all\PIC\RadCountUsb\RadCountUsbDev\main.c
                     putc   0x003f3e    program     extern C:\MCC18\src\traditional\stdclib\putc.c
                 s_digits   0x004188    program     static C:\MCC18\src\traditional\stdclib\vfprintf.c
            s_put_n_chars   0x002296    program     static C:\MCC18\src\traditional\stdclib\vfprintf.c
                    sd000   0x003c71    program     extern C:\Users\mizutani\all\PIC\RadCountUsb\RadCountUsbDev\autofiles\usbdsc.c
                    sd001   0x003c75    program     extern C:\Users\mizutani\all\PIC\RadCountUsb\RadCountUsbDev\autofiles\usbdsc.c
                    sd002   0x003ca9    program     extern C:\Users\mizutani\all\PIC\RadCountUsb\RadCountUsbDev\autofiles\usbdsc.c
                    sd003   0x003cf1    program     extern C:\Users\mizutani\all\PIC\RadCountUsb\RadCountUsbDev\autofiles\usbdsc.c
                  sprintf   0x003df4    program     extern C:\MCC18\src\traditional\stdclib\sprintf.c
                   strlen   0x004032    program     extern C:\MCC18\src\traditional\stdclib\strlen.asm
                strlenpgm   0x00404e    program     extern C:\MCC18\src\traditional\stdclib\slenpgm.asm
                     test   0x003eba    program     static                          
                 vfprintf   0x0022c2    program     extern C:\MCC18\src\traditional\stdclib\vfprintf.c
               zero_block   0x00413e    program     static C:\MCC18\src\traditional\proc\p18F2550.asm
                   ADCON0   0x000fc2       data     extern C:\MCC18\src\traditional\proc\p18F2550.asm
               ADCON0bits   0x000fc2       data     extern C:\MCC18\src\traditional\proc\p18F2550.asm
                   ADCON1   0x000fc1       data     extern C:\MCC18\src\traditional\proc\p18F2550.asm
               ADCON1bits   0x000fc1       data     extern C:\MCC18\src\traditional\proc\p18F2550.asm
                   ADCON2   0x000fc0       data     extern C:\MCC18\src\traditional\proc\p18F2550.asm
               ADCON2bits   0x000fc0       data     extern C:\MCC18\src\traditional\proc\p18F2550.asm
                    ADRES   0x000fc3       data     extern C:\MCC18\src\traditional\proc\p18F2550.asm
                   ADRESH   0x000fc4       data     extern C:\MCC18\src\traditional\proc\p18F2550.asm
                   ADRESL   0x000fc3       data     extern C:\MCC18\src\traditional\proc\p18F2550.asm
                  BAUDCON   0x000fb8       data     extern C:\MCC18\src\traditional\proc\p18F2550.asm
              BAUDCONbits   0x000fb8       data     extern C:\MCC18\src\traditional\proc\p18F2550.asm
                      BSR   0x000fe0       data     extern C:\MCC18\src\traditional\proc\p18F2550.asm
                   CCP1AS   0x000fb6       data     extern C:\MCC18\src\traditional\proc\p18F2550.asm
               CCP1ASbits   0x000fb6       data     extern C:\MCC18\src\traditional\proc\p18F2550.asm
                  CCP1CON   0x000fbd       data     extern C:\MCC18\src\traditional\proc\p18F2550.asm
              CCP1CONbits   0x000fbd       data     extern C:\MCC18\src\traditional\proc\p18F2550.asm
                  CCP1DEL   0x000fb7       data     extern C:\MCC18\src\traditional\proc\p18F2550.asm
              CCP1DELbits   0x000fb7       data     extern C:\MCC18\src\traditional\proc\p18F2550.asm
                  CCP2CON   0x000fba       data     extern C:\MCC18\src\traditional\proc\p18F2550.asm
              CCP2CONbits   0x000fba       data     extern C:\MCC18\src\traditional\proc\p18F2550.asm
                    CCPR1   0x000fbe       data     extern C:\MCC18\src\traditional\proc\p18F2550.asm
                   CCPR1H   0x000fbf       data     extern C:\MCC18\src\traditional\proc\p18F2550.asm
                   CCPR1L   0x000fbe       data     extern C:\MCC18\src\traditional\proc\p18F2550.asm
                    CCPR2   0x000fbb       data     extern C:\MCC18\src\traditional\proc\p18F2550.asm
                   CCPR2H   0x000fbc       data     extern C:\MCC18\src\traditional\proc\p18F2550.asm
                   CCPR2L   0x000fbb       data     extern C:\MCC18\src\traditional\proc\p18F2550.asm
                    CMCON   0x000fb4       data     extern C:\MCC18\src\traditional\proc\p18F2550.asm
                CMCONbits   0x000fb4       data     extern C:\MCC18\src\traditional\proc\p18F2550.asm
                   CVRCON   0x000fb5       data     extern C:\MCC18\src\traditional\proc\p18F2550.asm
               CVRCONbits   0x000fb5       data     extern C:\MCC18\src\traditional\proc\p18F2550.asm
              CtrlTrfData   0x000418       data     extern C:\Users\mizutani\all\PIC\RadCountUsb\RadCountUsbDev\system\usb\usbmmap.c
                     DDRA   0x000f92       data     extern C:\MCC18\src\traditional\proc\p18F2550.asm
                 DDRAbits   0x000f92       data     extern C:\MCC18\src\traditional\proc\p18F2550.asm
                     DDRB   0x000f93       data     extern C:\MCC18\src\traditional\proc\p18F2550.asm
                 DDRBbits   0x000f93       data     extern C:\MCC18\src\traditional\proc\p18F2550.asm
                     DDRC   0x000f94       data     extern C:\MCC18\src\traditional\proc\p18F2550.asm
                 DDRCbits   0x000f94       data     extern C:\MCC18\src\traditional\proc\p18F2550.asm
                  ECCP1AS   0x000fb6       data     extern C:\MCC18\src\traditional\proc\p18F2550.asm
              ECCP1ASbits   0x000fb6       data     extern C:\MCC18\src\traditional\proc\p18F2550.asm
                 ECCP1DEL   0x000fb7       data     extern C:\MCC18\src\traditional\proc\p18F2550.asm
             ECCP1DELbits   0x000fb7       data     extern C:\MCC18\src\traditional\proc\p18F2550.asm
                    EEADR   0x000fa9       data     extern C:\MCC18\src\traditional\proc\p18F2550.asm
                   EECON1   0x000fa6       data     extern C:\MCC18\src\traditional\proc\p18F2550.asm
               EECON1bits   0x000fa6       data     extern C:\MCC18\src\traditional\proc\p18F2550.asm
                   EECON2   0x000fa7       data     extern C:\MCC18\src\traditional\proc\p18F2550.asm
                   EEDATA   0x000fa8       data     extern C:\MCC18\src\traditional\proc\p18F2550.asm
                     FSR0   0x000fe9       data     extern C:\MCC18\src\traditional\proc\p18F2550.asm
                    FSR0H   0x000fea       data     extern C:\MCC18\src\traditional\proc\p18F2550.asm
                    FSR0L   0x000fe9       data     extern C:\MCC18\src\traditional\proc\p18F2550.asm
                     FSR1   0x000fe1       data     extern C:\MCC18\src\traditional\proc\p18F2550.asm
                    FSR1H   0x000fe2       data     extern C:\MCC18\src\traditional\proc\p18F2550.asm
                    FSR1L   0x000fe1       data     extern C:\MCC18\src\traditional\proc\p18F2550.asm
                     FSR2   0x000fd9       data     extern C:\MCC18\src\traditional\proc\p18F2550.asm
                    FSR2H   0x000fda       data     extern C:\MCC18\src\traditional\proc\p18F2550.asm
                    FSR2L   0x000fd9       data     extern C:\MCC18\src\traditional\proc\p18F2550.asm
                  HLVDCON   0x000fd2       data     extern C:\MCC18\src\traditional\proc\p18F2550.asm
              HLVDCONbits   0x000fd2       data     extern C:\MCC18\src\traditional\proc\p18F2550.asm
                    INDF0   0x000fef       data     extern C:\MCC18\src\traditional\proc\p18F2550.asm
                    INDF1   0x000fe7       data     extern C:\MCC18\src\traditional\proc\p18F2550.asm
                    INDF2   0x000fdf       data     extern C:\MCC18\src\traditional\proc\p18F2550.asm
                   INTCON   0x000ff2       data     extern C:\MCC18\src\traditional\proc\p18F2550.asm
                  INTCON2   0x000ff1       data     extern C:\MCC18\src\traditional\proc\p18F2550.asm
              INTCON2bits   0x000ff1       data     extern C:\MCC18\src\traditional\proc\p18F2550.asm
                  INTCON3   0x000ff0       data     extern C:\MCC18\src\traditional\proc\p18F2550.asm
              INTCON3bits   0x000ff0       data     extern C:\MCC18\src\traditional\proc\p18F2550.asm
               INTCONbits   0x000ff2       data     extern C:\MCC18\src\traditional\proc\p18F2550.asm
                     IPR1   0x000f9f       data     extern C:\MCC18\src\traditional\proc\p18F2550.asm
                 IPR1bits   0x000f9f       data     extern C:\MCC18\src\traditional\proc\p18F2550.asm
                     IPR2   0x000fa2       data     extern C:\MCC18\src\traditional\proc\p18F2550.asm
                 IPR2bits   0x000fa2       data     extern C:\MCC18\src\traditional\proc\p18F2550.asm
                     LATA   0x000f89       data     extern C:\MCC18\src\traditional\proc\p18F2550.asm
                 LATAbits   0x000f89       data     extern C:\MCC18\src\traditional\proc\p18F2550.asm
                     LATB   0x000f8a       data     extern C:\MCC18\src\traditional\proc\p18F2550.asm
                 LATBbits   0x000f8a       data     extern C:\MCC18\src\traditional\proc\p18F2550.asm
                     LATC   0x000f8b       data     extern C:\MCC18\src\traditional\proc\p18F2550.asm
                 LATCbits   0x000f8b       data     extern C:\MCC18\src\traditional\proc\p18F2550.asm
                   LVDCON   0x000fd2       data     extern C:\MCC18\src\traditional\proc\p18F2550.asm
               LVDCONbits   0x000fd2       data     extern C:\MCC18\src\traditional\proc\p18F2550.asm
                   OSCCON   0x000fd3       data     extern C:\MCC18\src\traditional\proc\p18F2550.asm
               OSCCONbits   0x000fd3       data     extern C:\MCC18\src\traditional\proc\p18F2550.asm
                  OSCTUNE   0x000f9b       data     extern C:\MCC18\src\traditional\proc\p18F2550.asm
              OSCTUNEbits   0x000f9b       data     extern C:\MCC18\src\traditional\proc\p18F2550.asm
                       PC   0x000ff9       data     extern C:\MCC18\src\traditional\proc\p18F2550.asm
                      PCL   0x000ff9       data     extern C:\MCC18\src\traditional\proc\p18F2550.asm
                   PCLATH   0x000ffa       data     extern C:\MCC18\src\traditional\proc\p18F2550.asm
                   PCLATU   0x000ffb       data     extern C:\MCC18\src\traditional\proc\p18F2550.asm
                     PIE1   0x000f9d       data     extern C:\MCC18\src\traditional\proc\p18F2550.asm
                 PIE1bits   0x000f9d       data     extern C:\MCC18\src\traditional\proc\p18F2550.asm
                     PIE2   0x000fa0       data     extern C:\MCC18\src\traditional\proc\p18F2550.asm
                 PIE2bits   0x000fa0       data     extern C:\MCC18\src\traditional\proc\p18F2550.asm
                     PIR1   0x000f9e       data     extern C:\MCC18\src\traditional\proc\p18F2550.asm
                 PIR1bits   0x000f9e       data     extern C:\MCC18\src\traditional\proc\p18F2550.asm
                     PIR2   0x000fa1       data     extern C:\MCC18\src\traditional\proc\p18F2550.asm
                 PIR2bits   0x000fa1       data     extern C:\MCC18\src\traditional\proc\p18F2550.asm
                   PLUSW0   0x000feb       data     extern C:\MCC18\src\traditional\proc\p18F2550.asm
                   PLUSW1   0x000fe3       data     extern C:\MCC18\src\traditional\proc\p18F2550.asm
                   PLUSW2   0x000fdb       data     extern C:\MCC18\src\traditional\proc\p18F2550.asm
                    PORTA   0x000f80       data     extern C:\MCC18\src\traditional\proc\p18F2550.asm
                PORTAbits   0x000f80       data     extern C:\MCC18\src\traditional\proc\p18F2550.asm
                    PORTB   0x000f81       data     extern C:\MCC18\src\traditional\proc\p18F2550.asm
                PORTBbits   0x000f81       data     extern C:\MCC18\src\traditional\proc\p18F2550.asm
                    PORTC   0x000f82       data     extern C:\MCC18\src\traditional\proc\p18F2550.asm
                PORTCbits   0x000f82       data     extern C:\MCC18\src\traditional\proc\p18F2550.asm
                    PORTE   0x000f84       data     extern C:\MCC18\src\traditional\proc\p18F2550.asm
                PORTEbits   0x000f84       data     extern C:\MCC18\src\traditional\proc\p18F2550.asm
                 POSTDEC0   0x000fed       data     extern C:\MCC18\src\traditional\proc\p18F2550.asm
                 POSTDEC1   0x000fe5       data     extern C:\MCC18\src\traditional\proc\p18F2550.asm
                 POSTDEC2   0x000fdd       data     extern C:\MCC18\src\traditional\proc\p18F2550.asm
                 POSTINC0   0x000fee       data     extern C:\MCC18\src\traditional\proc\p18F2550.asm
                 POSTINC1   0x000fe6       data     extern C:\MCC18\src\traditional\proc\p18F2550.asm
                 POSTINC2   0x000fde       data     extern C:\MCC18\src\traditional\proc\p18F2550.asm
                      PR2   0x000fcb       data     extern C:\MCC18\src\traditional\proc\p18F2550.asm
                  PREINC0   0x000fec       data     extern C:\MCC18\src\traditional\proc\p18F2550.asm
                  PREINC1   0x000fe4       data     extern C:\MCC18\src\traditional\proc\p18F2550.asm
                  PREINC2   0x000fdc       data     extern C:\MCC18\src\traditional\proc\p18F2550.asm
                     PROD   0x000ff3       data     extern C:\MCC18\src\traditional\proc\p18F2550.asm
                    PRODH   0x000ff4       data     extern C:\MCC18\src\traditional\proc\p18F2550.asm
                    PRODL   0x000ff3       data     extern C:\MCC18\src\traditional\proc\p18F2550.asm
                     RCON   0x000fd0       data     extern C:\MCC18\src\traditional\proc\p18F2550.asm
                 RCONbits   0x000fd0       data     extern C:\MCC18\src\traditional\proc\p18F2550.asm
                    RCREG   0x000fae       data     extern C:\MCC18\src\traditional\proc\p18F2550.asm
                    RCSTA   0x000fab       data     extern C:\MCC18\src\traditional\proc\p18F2550.asm
                RCSTAbits   0x000fab       data     extern C:\MCC18\src\traditional\proc\p18F2550.asm
                     SIGN   0x000000       data     extern C:\MCC18\src\traditional\math\cmath18.asm
                    SPBRG   0x000faf       data     extern C:\MCC18\src\traditional\proc\p18F2550.asm
                   SPBRGH   0x000fb0       data     extern C:\MCC18\src\traditional\proc\p18F2550.asm
                   SSPADD   0x000fc8       data     extern C:\MCC18\src\traditional\proc\p18F2550.asm
                   SSPBUF   0x000fc9       data     extern C:\MCC18\src\traditional\proc\p18F2550.asm
                  SSPCON1   0x000fc6       data     extern C:\MCC18\src\traditional\proc\p18F2550.asm
              SSPCON1bits   0x000fc6       data     extern C:\MCC18\src\traditional\proc\p18F2550.asm
                  SSPCON2   0x000fc5       data     extern C:\MCC18\src\traditional\proc\p18F2550.asm
              SSPCON2bits   0x000fc5       data     extern C:\MCC18\src\traditional\proc\p18F2550.asm
                  SSPSTAT   0x000fc7       data     extern C:\MCC18\src\traditional\proc\p18F2550.asm
              SSPSTATbits   0x000fc7       data     extern C:\MCC18\src\traditional\proc\p18F2550.asm
                   STATUS   0x000fd8       data     extern C:\MCC18\src\traditional\proc\p18F2550.asm
               STATUSbits   0x000fd8       data     extern C:\MCC18\src\traditional\proc\p18F2550.asm
                   STKPTR   0x000ffc       data     extern C:\MCC18\src\traditional\proc\p18F2550.asm
               STKPTRbits   0x000ffc       data     extern C:\MCC18\src\traditional\proc\p18F2550.asm
                 SetupPkt   0x000410       data     extern C:\Users\mizutani\all\PIC\RadCountUsb\RadCountUsbDev\system\usb\usbmmap.c
                    T0CON   0x000fd5       data     extern C:\MCC18\src\traditional\proc\p18F2550.asm
                T0CONbits   0x000fd5       data     extern C:\MCC18\src\traditional\proc\p18F2550.asm
                    T1CON   0x000fcd       data     extern C:\MCC18\src\traditional\proc\p18F2550.asm
                T1CONbits   0x000fcd       data     extern C:\MCC18\src\traditional\proc\p18F2550.asm
                    T2CON   0x000fca       data     extern C:\MCC18\src\traditional\proc\p18F2550.asm
                T2CONbits   0x000fca       data     extern C:\MCC18\src\traditional\proc\p18F2550.asm
                    T3CON   0x000fb1       data     extern C:\MCC18\src\traditional\proc\p18F2550.asm
                T3CONbits   0x000fb1       data     extern C:\MCC18\src\traditional\proc\p18F2550.asm
                   TABLAT   0x000ff5       data     extern C:\MCC18\src\traditional\proc\p18F2550.asm
                   TBLPTR   0x000ff6       data     extern C:\MCC18\src\traditional\proc\p18F2550.asm
                  TBLPTRH   0x000ff7       data     extern C:\MCC18\src\traditional\proc\p18F2550.asm
                  TBLPTRL   0x000ff6       data     extern C:\MCC18\src\traditional\proc\p18F2550.asm
                  TBLPTRU   0x000ff8       data     extern C:\MCC18\src\traditional\proc\p18F2550.asm
                    TMR0H   0x000fd7       data     extern C:\MCC18\src\traditional\proc\p18F2550.asm
                    TMR0L   0x000fd6       data     extern C:\MCC18\src\traditional\proc\p18F2550.asm
                    TMR1H   0x000fcf       data     extern C:\MCC18\src\traditional\proc\p18F2550.asm
                    TMR1L   0x000fce       data     extern C:\MCC18\src\traditional\proc\p18F2550.asm
                     TMR2   0x000fcc       data     extern C:\MCC18\src\traditional\proc\p18F2550.asm
                    TMR3H   0x000fb3       data     extern C:\MCC18\src\traditional\proc\p18F2550.asm
                    TMR3L   0x000fb2       data     extern C:\MCC18\src\traditional\proc\p18F2550.asm
                      TOS   0x000ffd       data     extern C:\MCC18\src\traditional\proc\p18F2550.asm
                     TOSH   0x000ffe       data     extern C:\MCC18\src\traditional\proc\p18F2550.asm
                     TOSL   0x000ffd       data     extern C:\MCC18\src\traditional\proc\p18F2550.asm
                     TOSU   0x000fff       data     extern C:\MCC18\src\traditional\proc\p18F2550.asm
                    TRISA   0x000f92       data     extern C:\MCC18\src\traditional\proc\p18F2550.asm
                TRISAbits   0x000f92       data     extern C:\MCC18\src\traditional\proc\p18F2550.asm
                    TRISB   0x000f93       data     extern C:\MCC18\src\traditional\proc\p18F2550.asm
                TRISBbits   0x000f93       data     extern C:\MCC18\src\traditional\proc\p18F2550.asm
                    TRISC   0x000f94       data     extern C:\MCC18\src\traditional\proc\p18F2550.asm
                TRISCbits   0x000f94       data     extern C:\MCC18\src\traditional\proc\p18F2550.asm
                    TXREG   0x000fad       data     extern C:\MCC18\src\traditional\proc\p18F2550.asm
                    TXSTA   0x000fac       data     extern C:\MCC18\src\traditional\proc\p18F2550.asm
                TXSTAbits   0x000fac       data     extern C:\MCC18\src\traditional\proc\p18F2550.asm
                    UADDR   0x000f6e       data     extern C:\MCC18\src\traditional\proc\p18F2550.asm
                UADDRbits   0x000f6e       data     extern C:\MCC18\src\traditional\proc\p18F2550.asm
                     UCFG   0x000f6f       data     extern C:\MCC18\src\traditional\proc\p18F2550.asm
                 UCFGbits   0x000f6f       data     extern C:\MCC18\src\traditional\proc\p18F2550.asm
                     UCON   0x000f6d       data     extern C:\MCC18\src\traditional\proc\p18F2550.asm
                 UCONbits   0x000f6d       data     extern C:\MCC18\src\traditional\proc\p18F2550.asm
                     UEIE   0x000f6b       data     extern C:\MCC18\src\traditional\proc\p18F2550.asm
                 UEIEbits   0x000f6b       data     extern C:\MCC18\src\traditional\proc\p18F2550.asm
                     UEIR   0x000f6a       data     extern C:\MCC18\src\traditional\proc\p18F2550.asm
                 UEIRbits   0x000f6a       data     extern C:\MCC18\src\traditional\proc\p18F2550.asm
                     UEP0   0x000f70       data     extern C:\MCC18\src\traditional\proc\p18F2550.asm
                 UEP0bits   0x000f70       data     extern C:\MCC18\src\traditional\proc\p18F2550.asm
                     UEP1   0x000f71       data     extern C:\MCC18\src\traditional\proc\p18F2550.asm
                    UEP10   0x000f7a       data     extern C:\MCC18\src\traditional\proc\p18F2550.asm
                UEP10bits   0x000f7a       data     extern C:\MCC18\src\traditional\proc\p18F2550.asm
                    UEP11   0x000f7b       data     extern C:\MCC18\src\traditional\proc\p18F2550.asm
                UEP11bits   0x000f7b       data     extern C:\MCC18\src\traditional\proc\p18F2550.asm
                    UEP12   0x000f7c       data     extern C:\MCC18\src\traditional\proc\p18F2550.asm
                UEP12bits   0x000f7c       data     extern C:\MCC18\src\traditional\proc\p18F2550.asm
                    UEP13   0x000f7d       data     extern C:\MCC18\src\traditional\proc\p18F2550.asm
                UEP13bits   0x000f7d       data     extern C:\MCC18\src\traditional\proc\p18F2550.asm
                    UEP14   0x000f7e       data     extern C:\MCC18\src\traditional\proc\p18F2550.asm
                UEP14bits   0x000f7e       data     extern C:\MCC18\src\traditional\proc\p18F2550.asm
                    UEP15   0x000f7f       data     extern C:\MCC18\src\traditional\proc\p18F2550.asm
                UEP15bits   0x000f7f       data     extern C:\MCC18\src\traditional\proc\p18F2550.asm
                 UEP1bits   0x000f71       data     extern C:\MCC18\src\traditional\proc\p18F2550.asm
                     UEP2   0x000f72       data     extern C:\MCC18\src\traditional\proc\p18F2550.asm
                 UEP2bits   0x000f72       data     extern C:\MCC18\src\traditional\proc\p18F2550.asm
                     UEP3   0x000f73       data     extern C:\MCC18\src\traditional\proc\p18F2550.asm
                 UEP3bits   0x000f73       data     extern C:\MCC18\src\traditional\proc\p18F2550.asm
                     UEP4   0x000f74       data     extern C:\MCC18\src\traditional\proc\p18F2550.asm
                 UEP4bits   0x000f74       data     extern C:\MCC18\src\traditional\proc\p18F2550.asm
                     UEP5   0x000f75       data     extern C:\MCC18\src\traditional\proc\p18F2550.asm
                 UEP5bits   0x000f75       data     extern C:\MCC18\src\traditional\proc\p18F2550.asm
                     UEP6   0x000f76       data     extern C:\MCC18\src\traditional\proc\p18F2550.asm
                 UEP6bits   0x000f76       data     extern C:\MCC18\src\traditional\proc\p18F2550.asm
                     UEP7   0x000f77       data     extern C:\MCC18\src\traditional\proc\p18F2550.asm
                 UEP7bits   0x000f77       data     extern C:\MCC18\src\traditional\proc\p18F2550.asm
                     UEP8   0x000f78       data     extern C:\MCC18\src\traditional\proc\p18F2550.asm
                 UEP8bits   0x000f78       data     extern C:\MCC18\src\traditional\proc\p18F2550.asm
                     UEP9   0x000f79       data     extern C:\MCC18\src\traditional\proc\p18F2550.asm
                 UEP9bits   0x000f79       data     extern C:\MCC18\src\traditional\proc\p18F2550.asm
                     UFRM   0x000f66       data     extern C:\MCC18\src\traditional\proc\p18F2550.asm
                    UFRMH   0x000f67       data     extern C:\MCC18\src\traditional\proc\p18F2550.asm
                UFRMHbits   0x000f67       data     extern C:\MCC18\src\traditional\proc\p18F2550.asm
                    UFRML   0x000f66       data     extern C:\MCC18\src\traditional\proc\p18F2550.asm
                UFRMLbits   0x000f66       data     extern C:\MCC18\src\traditional\proc\p18F2550.asm
                      UIE   0x000f69       data     extern C:\MCC18\src\traditional\proc\p18F2550.asm
                  UIEbits   0x000f69       data     extern C:\MCC18\src\traditional\proc\p18F2550.asm
                      UIR   0x000f68       data     extern C:\MCC18\src\traditional\proc\p18F2550.asm
                  UIRbits   0x000f68       data     extern C:\MCC18\src\traditional\proc\p18F2550.asm
                    USTAT   0x000f6c       data     extern C:\MCC18\src\traditional\proc\p18F2550.asm
                USTATbits   0x000f6c       data     extern C:\MCC18\src\traditional\proc\p18F2550.asm
                   WDTCON   0x000fd1       data     extern C:\MCC18\src\traditional\proc\p18F2550.asm
               WDTCONbits   0x000fd1       data     extern C:\MCC18\src\traditional\proc\p18F2550.asm
                     WREG   0x000fe8       data     extern C:\MCC18\src\traditional\proc\p18F2550.asm
                 __AARGB0   0x000009       data     extern C:\MCC18\src\traditional\math\aarg.asm
                 __AARGB1   0x000008       data     extern C:\MCC18\src\traditional\math\aarg.asm
                 __AARGB2   0x000007       data     extern C:\MCC18\src\traditional\math\aarg.asm
                 __AARGB3   0x000006       data     extern C:\MCC18\src\traditional\math\aarg.asm
                 __AARGB4   0x000005       data     extern C:\MCC18\src\traditional\math\aarg.asm
                 __AARGB5   0x000004       data     extern C:\MCC18\src\traditional\math\aarg.asm
                 __AARGB6   0x000003       data     extern C:\MCC18\src\traditional\math\aarg.asm
                 __AARGB7   0x000002       data     extern C:\MCC18\src\traditional\math\aarg.asm
                   __AEXP   0x00000a       data     extern C:\MCC18\src\traditional\math\aarg.asm
                 __BARGB0   0x00000e       data     extern C:\MCC18\src\traditional\math\barg.asm
                 __BARGB1   0x00000d       data     extern C:\MCC18\src\traditional\math\barg.asm
                 __BARGB2   0x00000c       data     extern C:\MCC18\src\traditional\math\barg.asm
                 __BARGB3   0x00000b       data     extern C:\MCC18\src\traditional\math\barg.asm
                   __BEXP   0x00000f       data     extern C:\MCC18\src\traditional\math\barg.asm
                __FPFLAGS   0x000001       data     extern C:\MCC18\src\traditional\math\cmath18.asm
            __FPFLAGSbits   0x000001       data     extern C:\MCC18\src\traditional\math\cmath18.asm
                  __REMB0   0x000005       data     extern C:\MCC18\src\traditional\math\aarg.asm
                  __REMB1   0x000004       data     extern C:\MCC18\src\traditional\math\aarg.asm
                  __REMB2   0x000003       data     extern C:\MCC18\src\traditional\math\aarg.asm
                  __REMB3   0x000002       data     extern C:\MCC18\src\traditional\math\aarg.asm
                   __TEMP   0x000013       data     extern C:\MCC18\src\traditional\math\temparg.asm
                 __TEMPB0   0x000013       data     extern C:\MCC18\src\traditional\math\temparg.asm
                 __TEMPB1   0x000012       data     extern C:\MCC18\src\traditional\math\temparg.asm
                 __TEMPB2   0x000011       data     extern C:\MCC18\src\traditional\math\temparg.asm
                 __TEMPB3   0x000010       data     extern C:\MCC18\src\traditional\math\temparg.asm
                  __tmp_0   0x000014       data     static C:\MCC18\src\traditional\stdclib\sprintf.c
                  __tmp_0   0x000014       data     static C:\MCC18\src\traditional\stdclib\vfprintf.c
                  __tmp_0   0x000014       data     static C:\MCC18\src\traditional\stdclib\putc.c
                  __tmp_0   0x000014       data     static C:\Users\mizutani\all\PIC\RadCountUsb\RadCountUsbDev\system\usb\usb9\usb9.c
                  __tmp_0   0x000014       data     static C:\Users\mizutani\all\PIC\RadCountUsb\RadCountUsbDev\system\usb\usbctrltrf\usbctrltrf.c
                  __tmp_0   0x000014       data     static C:\Users\mizutani\all\PIC\RadCountUsb\RadCountUsbDev\system\usb\class\hid\hid.c
                  __tmp_0   0x000014       data     static C:\Users\mizutani\all\PIC\RadCountUsb\RadCountUsbDev\LCDdisp.c
                  __tmp_0   0x000014       data     static C:\Users\mizutani\all\PIC\RadCountUsb\RadCountUsbDev\user\user_mouse.c
                  __tmp_1   0x000024       data     static C:\Users\mizutani\all\PIC\RadCountUsb\RadCountUsbDev\main.c
                  __tmp_2   0x00002c       data     static C:\Users\mizutani\all\PIC\RadCountUsb\RadCountUsbDev\main.c
          active_protocol   0x0004c6       data     extern C:\Users\mizutani\all\PIC\RadCountUsb\RadCountUsbDev\system\usb\class\hid\hid.c
                  bBeepOn   0x0004b9       data     extern C:\Users\mizutani\all\PIC\RadCountUsb\RadCountUsbDev\user\user_mouse.c
               bDosemeter   0x0004b8       data     extern C:\Users\mizutani\all\PIC\RadCountUsb\RadCountUsbDev\user\user_mouse.c
                   bRE3on   0x0004bc       data     extern C:\Users\mizutani\all\PIC\RadCountUsb\RadCountUsbDev\user\user_mouse.c
                   buffer   0x000060       data     extern C:\Users\mizutani\all\PIC\RadCountUsb\RadCountUsbDev\user\user_mouse.c
                 cBattery   0x0004ba       data     extern C:\Users\mizutani\all\PIC\RadCountUsb\RadCountUsbDev\user\user_mouse.c
                cDispMode   0x0004bb       data     extern C:\Users\mizutani\all\PIC\RadCountUsb\RadCountUsbDev\user\user_mouse.c
   ctrl_trf_session_owner   0x0004be       data     extern C:\Users\mizutani\all\PIC\RadCountUsb\RadCountUsbDev\system\usb\usbctrltrf\usbctrltrf.c
           ctrl_trf_state   0x0004bd       data     extern C:\Users\mizutani\all\PIC\RadCountUsb\RadCountUsbDev\system\usb\usbctrltrf\usbctrltrf.c
                curr_byte   0x0000f4       data     static C:\MCC18\src\traditional\startup\c018i.c
               curr_entry   0x0000f6       data     static C:\MCC18\src\traditional\startup\c018i.c
                 data_ptr   0x0000f8       data     static C:\MCC18\src\traditional\startup\c018i.c
              delay_count   0x0004c8       data     static C:\Users\mizutani\all\PIC\RadCountUsb\RadCountUsbDev\system\usb\usbdrv\usbdrv.c
                    ep0Bi   0x000404       data     extern C:\Users\mizutani\all\PIC\RadCountUsb\RadCountUsbDev\system\usb\usbmmap.c
                    ep0Bo   0x000400       data     extern C:\Users\mizutani\all\PIC\RadCountUsb\RadCountUsbDev\system\usb\usbmmap.c
                    ep1Bi   0x00040c       data     extern C:\Users\mizutani\all\PIC\RadCountUsb\RadCountUsbDev\system\usb\usbmmap.c
                    ep1Bo   0x000408       data     extern C:\Users\mizutani\all\PIC\RadCountUsb\RadCountUsbDev\system\usb\usbmmap.c
            hid_report_in   0x000460       data     extern C:\Users\mizutani\all\PIC\RadCountUsb\RadCountUsbDev\system\usb\usbmmap.c
           hid_report_out   0x000420       data     extern C:\Users\mizutani\all\PIC\RadCountUsb\RadCountUsbDev\system\usb\usbmmap.c
           hid_rpt_rx_len   0x0004c7       data     extern C:\Users\mizutani\all\PIC\RadCountUsb\RadCountUsbDev\system\usb\class\hid\hid.c
                 ibattery   0x0004b6       data     extern C:\Users\mizutani\all\PIC\RadCountUsb\RadCountUsbDev\user\user_mouse.c
                   icount   0x0004a2       data     extern C:\Users\mizutani\all\PIC\RadCountUsb\RadCountUsbDev\user\user_mouse.c
                    idisp   0x0004a0       data     extern C:\Users\mizutani\all\PIC\RadCountUsb\RadCountUsbDev\user\user_mouse.c
                idle_rate   0x0004c5       data     extern C:\Users\mizutani\all\PIC\RadCountUsb\RadCountUsbDev\system\usb\class\hid\hid.c
                 iminutes   0x0004a4       data     extern C:\Users\mizutani\all\PIC\RadCountUsb\RadCountUsbDev\user\user_mouse.c
                     iosc   0x0004b4       data     extern C:\Users\mizutani\all\PIC\RadCountUsb\RadCountUsbDev\user\user_mouse.c
                    isigh   0x0004aa       data     extern C:\Users\mizutani\all\PIC\RadCountUsb\RadCountUsbDev\user\user_mouse.c
                    isigl   0x0004ae       data     extern C:\Users\mizutani\all\PIC\RadCountUsb\RadCountUsbDev\user\user_mouse.c
                      isw   0x0004b2       data     extern C:\Users\mizutani\all\PIC\RadCountUsb\RadCountUsbDev\user\user_mouse.c
                   jcount   0x0004a6       data     extern C:\Users\mizutani\all\PIC\RadCountUsb\RadCountUsbDev\user\user_mouse.c
                  jcourse   0x0000a1       data     extern C:\Users\mizutani\all\PIC\RadCountUsb\RadCountUsbDev\user\user_mouse.c
                   jtotal   0x0004a8       data     extern C:\Users\mizutani\all\PIC\RadCountUsb\RadCountUsbDev\user\user_mouse.c
                  mcourse   0x0000dd       data     extern C:\Users\mizutani\all\PIC\RadCountUsb\RadCountUsbDev\user\user_mouse.c
                     pDst   0x0004c1       data     extern C:\Users\mizutani\all\PIC\RadCountUsb\RadCountUsbDev\system\usb\usbctrltrf\usbctrltrf.c
                     pSrc   0x0004bf       data     extern C:\Users\mizutani\all\PIC\RadCountUsb\RadCountUsbDev\system\usb\usbctrltrf\usbctrltrf.c
                     prom   0x0000f1       data     static C:\MCC18\src\traditional\startup\c018i.c
           usb_active_cfg   0x0000fd       data     extern C:\Users\mizutani\all\PIC\RadCountUsb\RadCountUsbDev\system\usb\usbmmap.c
             usb_alt_intf   0x0000fe       data     extern C:\Users\mizutani\all\PIC\RadCountUsb\RadCountUsbDev\system\usb\usbmmap.c
         usb_device_state   0x0000fb       data     extern C:\Users\mizutani\all\PIC\RadCountUsb\RadCountUsbDev\system\usb\usbmmap.c
                 usb_stat   0x0000fc       data     extern C:\Users\mizutani\all\PIC\RadCountUsb\RadCountUsbDev\system\usb\usbmmap.c
                   wCount   0x0004c3       data     extern C:\Users\mizutani\all\PIC\RadCountUsb\RadCountUsbDev\system\usb\usbctrltrf\usbctrltrf.c



                              Symbols - Sorted by Address
                     Name    Address   Location    Storage File                     
                ---------  ---------  ---------  --------- ---------                
                   _entry   0x000000    program     extern C:\MCC18\src\traditional\startup\c018i.c
       ___return_lbl00000   0x000004    program     static                          
                   __init   0x000006    program     extern C:\MCC18\src\traditional\stdclib\__init.c
        Remapped_High_ISR   0x000008    program     extern C:\Users\mizutani\all\PIC\RadCountUsb\RadCountUsbDev\main.c
       ___return_lbl00000   0x000014    program     static                          
               _user_putc   0x000016    program     extern C:\MCC18\src\traditional\stdclib\_user_putc.c
         Remapped_Low_ISR   0x000018    program     extern C:\Users\mizutani\all\PIC\RadCountUsb\RadCountUsbDev\main.c
       ___return_lbl00001   0x00001c    program     static                          
                 UserInit   0x00002c    program     extern C:\Users\mizutani\all\PIC\RadCountUsb\RadCountUsbDev\user\user_mouse.c
            DispUSBStatus   0x0001c4    program     extern C:\Users\mizutani\all\PIC\RadCountUsb\RadCountUsbDev\user\user_mouse.c
               DispSwitch   0x000434    program     extern C:\Users\mizutani\all\PIC\RadCountUsb\RadCountUsbDev\user\user_mouse.c
                GetSwitch   0x000464    program     extern C:\Users\mizutani\all\PIC\RadCountUsb\RadCountUsbDev\user\user_mouse.c
                UpdateOsc   0x0004b0    program     extern C:\Users\mizutani\all\PIC\RadCountUsb\RadCountUsbDev\user\user_mouse.c
                ProcessIO   0x000596    program     extern C:\Users\mizutani\all\PIC\RadCountUsb\RadCountUsbDev\user\user_mouse.c
              __tmplbl_16   0x0011f0    program     static                          
              __tmplbl_15   0x00143a    program     static                          
                    delay   0x001586    program     extern C:\Users\mizutani\all\PIC\RadCountUsb\RadCountUsbDev\LCDdisp.c
                LCDoutput   0x0015ce    program     extern C:\Users\mizutani\all\PIC\RadCountUsb\RadCountUsbDev\LCDdisp.c
                LCDcursor   0x001754    program     extern C:\Users\mizutani\all\PIC\RadCountUsb\RadCountUsbDev\LCDdisp.c
              LCDposition   0x0017a4    program     extern C:\Users\mizutani\all\PIC\RadCountUsb\RadCountUsbDev\LCDdisp.c
                 LCDprint   0x00181c    program     extern C:\Users\mizutani\all\PIC\RadCountUsb\RadCountUsbDev\LCDdisp.c
              LCDprintHex   0x0018ce    program     extern C:\Users\mizutani\all\PIC\RadCountUsb\RadCountUsbDev\LCDdisp.c
              LCDprintDec   0x0019ca    program     extern C:\Users\mizutani\all\PIC\RadCountUsb\RadCountUsbDev\LCDdisp.c
                 LCDclear   0x001bf0    program     extern C:\Users\mizutani\all\PIC\RadCountUsb\RadCountUsbDev\LCDdisp.c
                  LCDinit   0x001c08    program     extern C:\Users\mizutani\all\PIC\RadCountUsb\RadCountUsbDev\LCDdisp.c
            s_put_n_chars   0x002296    program     static C:\MCC18\src\traditional\stdclib\vfprintf.c
                 vfprintf   0x0022c2    program     extern C:\MCC18\src\traditional\stdclib\vfprintf.c
              __tmplbl_85   0x0022ec    program     static                          
              __tmplbl_44   0x002b9a    program     static                          
              __tmplbl_43   0x002bb4    program     static                          
                   __pa_0   0x002bd6    program     static C:\MCC18\src\traditional\stdclib\vfprintf.c
                   __pa_1   0x002bde    program     static C:\MCC18\src\traditional\stdclib\vfprintf.c
                   __pa_2   0x002be8    program     static C:\MCC18\src\traditional\stdclib\vfprintf.c
                   __pa_3   0x002bf2    program     static C:\MCC18\src\traditional\stdclib\vfprintf.c
                   __pa_4   0x002c0a    program     static C:\MCC18\src\traditional\stdclib\vfprintf.c
                   __pa_5   0x002c1e    program     static C:\MCC18\src\traditional\stdclib\vfprintf.c
                   __pa_6   0x002c3a    program     static C:\MCC18\src\traditional\stdclib\vfprintf.c
                   __pa_7   0x002c44    program     static C:\MCC18\src\traditional\stdclib\vfprintf.c
                   __pa_8   0x002c50    program     static C:\MCC18\src\traditional\stdclib\vfprintf.c
                   __pa_9   0x002c72    program     static C:\MCC18\src\traditional\stdclib\vfprintf.c
                  __pa_10   0x002c92    program     static C:\MCC18\src\traditional\stdclib\vfprintf.c
                  __pa_11   0x002ca0    program     static C:\MCC18\src\traditional\stdclib\vfprintf.c
                  __pa_12   0x002cb6    program     static C:\MCC18\src\traditional\stdclib\vfprintf.c
                  __pa_13   0x002cd0    program     static C:\MCC18\src\traditional\stdclib\vfprintf.c
                  __pa_14   0x002ce8    program     static C:\MCC18\src\traditional\stdclib\vfprintf.c
                  __pa_15   0x002cf8    program     static C:\MCC18\src\traditional\stdclib\vfprintf.c
                  __pa_16   0x002d0e    program     static C:\MCC18\src\traditional\stdclib\vfprintf.c
                  __pa_17   0x002d20    program     static C:\MCC18\src\traditional\stdclib\vfprintf.c
                  __pa_18   0x002d32    program     static C:\MCC18\src\traditional\stdclib\vfprintf.c
                  __pa_19   0x002d3c    program     static C:\MCC18\src\traditional\stdclib\vfprintf.c
                  __pa_20   0x002d4c    program     static C:\MCC18\src\traditional\stdclib\vfprintf.c
                  __pa_21   0x002d5c    program     static C:\MCC18\src\traditional\stdclib\vfprintf.c
                  __pa_22   0x002d6c    program     static C:\MCC18\src\traditional\stdclib\vfprintf.c
              __tmplbl_42   0x002d6c    program     static                          
                  __pa_23   0x002d78    program     static C:\MCC18\src\traditional\stdclib\vfprintf.c
                  __pa_24   0x002d86    program     static C:\MCC18\src\traditional\stdclib\vfprintf.c
                  __pa_25   0x002d8e    program     static C:\MCC18\src\traditional\stdclib\vfprintf.c
                  __pa_26   0x002d98    program     static C:\MCC18\src\traditional\stdclib\vfprintf.c
                  __pa_27   0x002da2    program     static C:\MCC18\src\traditional\stdclib\vfprintf.c
                  __pa_28   0x002daa    program     static C:\MCC18\src\traditional\stdclib\vfprintf.c
                  __pa_29   0x002db8    program     static C:\MCC18\src\traditional\stdclib\vfprintf.c
                  __pa_30   0x002dd4    program     static C:\MCC18\src\traditional\stdclib\vfprintf.c
                  __pa_31   0x002dee    program     static C:\MCC18\src\traditional\stdclib\vfprintf.c
                  __pa_32   0x002e08    program     static C:\MCC18\src\traditional\stdclib\vfprintf.c
                  __pa_33   0x002e20    program     static C:\MCC18\src\traditional\stdclib\vfprintf.c
                  __pa_34   0x002e2a    program     static C:\MCC18\src\traditional\stdclib\vfprintf.c
                  __pa_35   0x002e38    program     static C:\MCC18\src\traditional\stdclib\vfprintf.c
                  __pa_36   0x002e40    program     static C:\MCC18\src\traditional\stdclib\vfprintf.c
                  __pa_37   0x002e4a    program     static C:\MCC18\src\traditional\stdclib\vfprintf.c
                  __pa_38   0x002e5a    program     static C:\MCC18\src\traditional\stdclib\vfprintf.c
                  __pa_39   0x002e68    program     static C:\MCC18\src\traditional\stdclib\vfprintf.c
                  __pa_40   0x002e74    program     static C:\MCC18\src\traditional\stdclib\vfprintf.c
                  __pa_41   0x002e80    program     static C:\MCC18\src\traditional\stdclib\vfprintf.c
                  __pa_42   0x002e88    program     static C:\MCC18\src\traditional\stdclib\vfprintf.c
                  __pa_43   0x002e92    program     static C:\MCC18\src\traditional\stdclib\vfprintf.c
                  __pa_44   0x002e98    program     static C:\MCC18\src\traditional\stdclib\vfprintf.c
                  __pa_45   0x002ea2    program     static C:\MCC18\src\traditional\stdclib\vfprintf.c
                  __pa_46   0x002eae    program     static C:\MCC18\src\traditional\stdclib\vfprintf.c
  YourHighPriorityISRCode   0x002eb8    program     extern C:\Users\mizutani\all\PIC\RadCountUsb\RadCountUsbDev\main.c
   YourLowPriorityISRCode   0x00305e    program     extern C:\Users\mizutani\all\PIC\RadCountUsb\RadCountUsbDev\main.c
                     main   0x00324c    program     extern C:\Users\mizutani\all\PIC\RadCountUsb\RadCountUsbDev\main.c
         InitializeSystem   0x003258    program     static C:\Users\mizutani\all\PIC\RadCountUsb\RadCountUsbDev\main.c
                 USBTasks   0x003270    program     extern C:\Users\mizutani\all\PIC\RadCountUsb\RadCountUsbDev\main.c
       USBCheckStdRequest   0x00327e    program     extern C:\Users\mizutani\all\PIC\RadCountUsb\RadCountUsbDev\system\usb\usb9\usb9.c
      USBStdGetDscHandler   0x003340    program     extern C:\Users\mizutani\all\PIC\RadCountUsb\RadCountUsbDev\system\usb\usb9\usb9.c
      USBStdSetCfgHandler   0x0033f8    program     extern C:\Users\mizutani\all\PIC\RadCountUsb\RadCountUsbDev\system\usb\usb9\usb9.c
   USBStdGetStatusHandler   0x003448    program     extern C:\Users\mizutani\all\PIC\RadCountUsb\RadCountUsbDev\system\usb\usb9\usb9.c
  USBStdFeatureReqHandler   0x0034e4    program     extern C:\Users\mizutani\all\PIC\RadCountUsb\RadCountUsbDev\system\usb\usb9\usb9.c
         USBCtrlEPService   0x003586    program     extern C:\Users\mizutani\all\PIC\RadCountUsb\RadCountUsbDev\system\usb\usbctrltrf\usbctrltrf.c
   USBCtrlTrfSetupHandler   0x0035aa    program     extern C:\Users\mizutani\all\PIC\RadCountUsb\RadCountUsbDev\system\usb\usbctrltrf\usbctrltrf.c
     USBCtrlTrfOutHandler   0x003616    program     extern C:\Users\mizutani\all\PIC\RadCountUsb\RadCountUsbDev\system\usb\usbctrltrf\usbctrltrf.c
      USBCtrlTrfInHandler   0x003636    program     extern C:\Users\mizutani\all\PIC\RadCountUsb\RadCountUsbDev\system\usb\usbctrltrf\usbctrltrf.c
      USBCtrlTrfTxService   0x003670    program     extern C:\Users\mizutani\all\PIC\RadCountUsb\RadCountUsbDev\system\usb\usbctrltrf\usbctrltrf.c
      USBCtrlTrfRxService   0x00374c    program     extern C:\Users\mizutani\all\PIC\RadCountUsb\RadCountUsbDev\system\usb\usbctrltrf\usbctrltrf.c
 USBCtrlEPServiceComplete   0x0037c6    program     extern C:\Users\mizutani\all\PIC\RadCountUsb\RadCountUsbDev\system\usb\usbctrltrf\usbctrltrf.c
USBPrepareForNextSetupTrf   0x003852    program     extern C:\Users\mizutani\all\PIC\RadCountUsb\RadCountUsbDev\system\usb\usbctrltrf\usbctrltrf.c
       USBCheckHIDRequest   0x00386e    program     extern C:\Users\mizutani\all\PIC\RadCountUsb\RadCountUsbDev\system\usb\class\hid\hid.c
      HIDGetReportHandler   0x00396e    program     extern C:\Users\mizutani\all\PIC\RadCountUsb\RadCountUsbDev\system\usb\class\hid\hid.c
      HIDSetReportHandler   0x003970    program     extern C:\Users\mizutani\all\PIC\RadCountUsb\RadCountUsbDev\system\usb\class\hid\hid.c
                HIDInitEP   0x003972    program     extern C:\Users\mizutani\all\PIC\RadCountUsb\RadCountUsbDev\system\usb\class\hid\hid.c
              HIDTxReport   0x00399c    program     extern C:\Users\mizutani\all\PIC\RadCountUsb\RadCountUsbDev\system\usb\class\hid\hid.c
              HIDRxReport   0x003a10    program     extern C:\Users\mizutani\all\PIC\RadCountUsb\RadCountUsbDev\system\usb\class\hid\hid.c
        USBCheckBusStatus   0x003a90    program     extern C:\Users\mizutani\all\PIC\RadCountUsb\RadCountUsbDev\system\usb\usbdrv\usbdrv.c
          USBModuleEnable   0x003ab2    program     extern C:\Users\mizutani\all\PIC\RadCountUsb\RadCountUsbDev\system\usb\usbdrv\usbdrv.c
         USBModuleDisable   0x003ac0    program     extern C:\Users\mizutani\all\PIC\RadCountUsb\RadCountUsbDev\system\usb\usbdrv\usbdrv.c
            USBSoftDetach   0x003aca    program     extern C:\Users\mizutani\all\PIC\RadCountUsb\RadCountUsbDev\system\usb\usbdrv\usbdrv.c
         USBDriverService   0x003ace    program     extern C:\Users\mizutani\all\PIC\RadCountUsb\RadCountUsbDev\system\usb\usbdrv\usbdrv.c
               USBSuspend   0x003b4c    program     extern C:\Users\mizutani\all\PIC\RadCountUsb\RadCountUsbDev\system\usb\usbdrv\usbdrv.c
           ___if_lbl00029   0x003b60    program     static                          
       ___return_lbl00028   0x003b64    program     static                          
       USBWakeFromSuspend   0x003b66    program     extern C:\Users\mizutani\all\PIC\RadCountUsb\RadCountUsbDev\system\usb\usbdrv\usbdrv.c
          USBRemoteWakeup   0x003b6e    program     extern C:\Users\mizutani\all\PIC\RadCountUsb\RadCountUsbDev\system\usb\usbdrv\usbdrv.c
          USB_SOF_Handler   0x003b92    program     extern C:\Users\mizutani\all\PIC\RadCountUsb\RadCountUsbDev\system\usb\usbdrv\usbdrv.c
          USBStallHandler   0x003b96    program     extern C:\Users\mizutani\all\PIC\RadCountUsb\RadCountUsbDev\system\usb\usbdrv\usbdrv.c
          USBErrorHandler   0x003ba4    program     extern C:\Users\mizutani\all\PIC\RadCountUsb\RadCountUsbDev\system\usb\usbdrv\usbdrv.c
  USBProtocolResetHandler   0x003ba8    program     extern C:\Users\mizutani\all\PIC\RadCountUsb\RadCountUsbDev\system\usb\usbdrv\usbdrv.c
               ClearArray   0x003bec    program     extern C:\Users\mizutani\all\PIC\RadCountUsb\RadCountUsbDev\system\usb\usbdrv\usbdrv.c
        ___while_lbl00044   0x003c00    program     static                          
        ___while_lbl00045   0x003c0e    program     static                          
       ___return_lbl00043   0x003c0e    program     static                          
               device_dsc   0x003c16    program     extern C:\Users\mizutani\all\PIC\RadCountUsb\RadCountUsbDev\autofiles\usbdsc.c
                    cfg01   0x003c28    program     extern C:\Users\mizutani\all\PIC\RadCountUsb\RadCountUsbDev\autofiles\usbdsc.c
                    cfg02   0x003c51    program     extern C:\Users\mizutani\all\PIC\RadCountUsb\RadCountUsbDev\autofiles\usbdsc.c
                    sd000   0x003c71    program     extern C:\Users\mizutani\all\PIC\RadCountUsb\RadCountUsbDev\autofiles\usbdsc.c
                    sd001   0x003c75    program     extern C:\Users\mizutani\all\PIC\RadCountUsb\RadCountUsbDev\autofiles\usbdsc.c
                    sd002   0x003ca9    program     extern C:\Users\mizutani\all\PIC\RadCountUsb\RadCountUsbDev\autofiles\usbdsc.c
                    sd003   0x003cf1    program     extern C:\Users\mizutani\all\PIC\RadCountUsb\RadCountUsbDev\autofiles\usbdsc.c
                hid_rpt01   0x003d07    program     extern C:\Users\mizutani\all\PIC\RadCountUsb\RadCountUsbDev\autofiles\usbdsc.c
               USB_CD_Ptr   0x003d24    program     extern C:\Users\mizutani\all\PIC\RadCountUsb\RadCountUsbDev\autofiles\usbdsc.c
               USB_SD_Ptr   0x003d28    program     extern C:\Users\mizutani\all\PIC\RadCountUsb\RadCountUsbDev\autofiles\usbdsc.c
          ClassReqHandler   0x003d30    program     extern C:\Users\mizutani\all\PIC\RadCountUsb\RadCountUsbDev\autofiles\usbdsc.c
                 FXD3232S   0x003d32    program     extern C:\MCC18\src\traditional\math\fxd3232s.asm
                  DA3232S   0x003d4c    program     static C:\MCC18\src\traditional\math\fxd3232s.asm
                   D3232S   0x003d62    program     static C:\MCC18\src\traditional\math\fxd3232s.asm
                 D3232SOK   0x003d6c    program     static C:\MCC18\src\traditional\math\fxd3232s.asm
                D3232SNEG   0x003d70    program     static C:\MCC18\src\traditional\math\fxd3232s.asm
                  D3232SX   0x003d90    program     static C:\MCC18\src\traditional\math\fxd3232s.asm
                 FXM1616S   0x003d9a    program     extern C:\MCC18\src\traditional\math\fxm1616s.asm
               TSIGN1616A   0x003de6    program     static C:\MCC18\src\traditional\math\fxm1616s.asm
[...]
                     UEP4   0x000f74       data     extern C:\MCC18\src\traditional\proc\p18F2550.asm
                 UEP4bits   0x000f74       data     extern C:\MCC18\src\traditional\proc\p18F2550.asm
                 UEP5bits   0x000f75       data     extern C:\MCC18\src\traditional\proc\p18F2550.asm
                     UEP5   0x000f75       data     extern C:\MCC18\src\traditional\proc\p18F2550.asm
                 UEP6bits   0x000f76       data     extern C:\MCC18\src\traditional\proc\p18F2550.asm
                     UEP6   0x000f76       data     extern C:\MCC18\src\traditional\proc\p18F2550.asm
                 UEP7bits   0x000f77       data     extern C:\MCC18\src\traditional\proc\p18F2550.asm
                     UEP7   0x000f77       data     extern C:\MCC18\src\traditional\proc\p18F2550.asm
                     UEP8   0x000f78       data     extern C:\MCC18\src\traditional\proc\p18F2550.asm
                 UEP8bits   0x000f78       data     extern C:\MCC18\src\traditional\proc\p18F2550.asm
                     UEP9   0x000f79       data     extern C:\MCC18\src\traditional\proc\p18F2550.asm
                 UEP9bits   0x000f79       data     extern C:\MCC18\src\traditional\proc\p18F2550.asm
                UEP10bits   0x000f7a       data     extern C:\MCC18\src\traditional\proc\p18F2550.asm
                    UEP10   0x000f7a       data     extern C:\MCC18\src\traditional\proc\p18F2550.asm
                    UEP11   0x000f7b       data     extern C:\MCC18\src\traditional\proc\p18F2550.asm
                UEP11bits   0x000f7b       data     extern C:\MCC18\src\traditional\proc\p18F2550.asm
                    UEP12   0x000f7c       data     extern C:\MCC18\src\traditional\proc\p18F2550.asm
                UEP12bits   0x000f7c       data     extern C:\MCC18\src\traditional\proc\p18F2550.asm
                    UEP13   0x000f7d       data     extern C:\MCC18\src\traditional\proc\p18F2550.asm
                UEP13bits   0x000f7d       data     extern C:\MCC18\src\traditional\proc\p18F2550.asm
                    UEP14   0x000f7e       data     extern C:\MCC18\src\traditional\proc\p18F2550.asm
                UEP14bits   0x000f7e       data     extern C:\MCC18\src\traditional\proc\p18F2550.asm
                    UEP15   0x000f7f       data     extern C:\MCC18\src\traditional\proc\p18F2550.asm
                UEP15bits   0x000f7f       data     extern C:\MCC18\src\traditional\proc\p18F2550.asm
                    PORTA   0x000f80       data     extern C:\MCC18\src\traditional\proc\p18F2550.asm
                PORTAbits   0x000f80       data     extern C:\MCC18\src\traditional\proc\p18F2550.asm
                PORTBbits   0x000f81       data     extern C:\MCC18\src\traditional\proc\p18F2550.asm
                    PORTB   0x000f81       data     extern C:\MCC18\src\traditional\proc\p18F2550.asm
                PORTCbits   0x000f82       data     extern C:\MCC18\src\traditional\proc\p18F2550.asm
                    PORTC   0x000f82       data     extern C:\MCC18\src\traditional\proc\p18F2550.asm
                    PORTE   0x000f84       data     extern C:\MCC18\src\traditional\proc\p18F2550.asm
                PORTEbits   0x000f84       data     extern C:\MCC18\src\traditional\proc\p18F2550.asm
                     LATA   0x000f89       data     extern C:\MCC18\src\traditional\proc\p18F2550.asm
                 LATAbits   0x000f89       data     extern C:\MCC18\src\traditional\proc\p18F2550.asm
                     LATB   0x000f8a       data     extern C:\MCC18\src\traditional\proc\p18F2550.asm
                 LATBbits   0x000f8a       data     extern C:\MCC18\src\traditional\proc\p18F2550.asm
                 LATCbits   0x000f8b       data     extern C:\MCC18\src\traditional\proc\p18F2550.asm
                     LATC   0x000f8b       data     extern C:\MCC18\src\traditional\proc\p18F2550.asm
                 DDRAbits   0x000f92       data     extern C:\MCC18\src\traditional\proc\p18F2550.asm
                     DDRA   0x000f92       data     extern C:\MCC18\src\traditional\proc\p18F2550.asm
                TRISAbits   0x000f92       data     extern C:\MCC18\src\traditional\proc\p18F2550.asm
                    TRISA   0x000f92       data     extern C:\MCC18\src\traditional\proc\p18F2550.asm
                 DDRBbits   0x000f93       data     extern C:\MCC18\src\traditional\proc\p18F2550.asm
                     DDRB   0x000f93       data     extern C:\MCC18\src\traditional\proc\p18F2550.asm
                TRISBbits   0x000f93       data     extern C:\MCC18\src\traditional\proc\p18F2550.asm
                    TRISB   0x000f93       data     extern C:\MCC18\src\traditional\proc\p18F2550.asm
                     DDRC   0x000f94       data     extern C:\MCC18\src\traditional\proc\p18F2550.asm
                 DDRCbits   0x000f94       data     extern C:\MCC18\src\traditional\proc\p18F2550.asm
                TRISCbits   0x000f94       data     extern C:\MCC18\src\traditional\proc\p18F2550.asm
                    TRISC   0x000f94       data     extern C:\MCC18\src\traditional\proc\p18F2550.asm
                  OSCTUNE   0x000f9b       data     extern C:\MCC18\src\traditional\proc\p18F2550.asm
              OSCTUNEbits   0x000f9b       data     extern C:\MCC18\src\traditional\proc\p18F2550.asm
                     PIE1   0x000f9d       data     extern C:\MCC18\src\traditional\proc\p18F2550.asm
                 PIE1bits   0x000f9d       data     extern C:\MCC18\src\traditional\proc\p18F2550.asm
                 PIR1bits   0x000f9e       data     extern C:\MCC18\src\traditional\proc\p18F2550.asm
                     PIR1   0x000f9e       data     extern C:\MCC18\src\traditional\proc\p18F2550.asm
                 IPR1bits   0x000f9f       data     extern C:\MCC18\src\traditional\proc\p18F2550.asm
                     IPR1   0x000f9f       data     extern C:\MCC18\src\traditional\proc\p18F2550.asm
                 PIE2bits   0x000fa0       data     extern C:\MCC18\src\traditional\proc\p18F2550.asm
                     PIE2   0x000fa0       data     extern C:\MCC18\src\traditional\proc\p18F2550.asm
                 PIR2bits   0x000fa1       data     extern C:\MCC18\src\traditional\proc\p18F2550.asm
                     PIR2   0x000fa1       data     extern C:\MCC18\src\traditional\proc\p18F2550.asm
                 IPR2bits   0x000fa2       data     extern C:\MCC18\src\traditional\proc\p18F2550.asm
                     IPR2   0x000fa2       data     extern C:\MCC18\src\traditional\proc\p18F2550.asm
                   EECON1   0x000fa6       data     extern C:\MCC18\src\traditional\proc\p18F2550.asm
               EECON1bits   0x000fa6       data     extern C:\MCC18\src\traditional\proc\p18F2550.asm
                   EECON2   0x000fa7       data     extern C:\MCC18\src\traditional\proc\p18F2550.asm
                   EEDATA   0x000fa8       data     extern C:\MCC18\src\traditional\proc\p18F2550.asm
                    EEADR   0x000fa9       data     extern C:\MCC18\src\traditional\proc\p18F2550.asm
                RCSTAbits   0x000fab       data     extern C:\MCC18\src\traditional\proc\p18F2550.asm
                    RCSTA   0x000fab       data     extern C:\MCC18\src\traditional\proc\p18F2550.asm
                TXSTAbits   0x000fac       data     extern C:\MCC18\src\traditional\proc\p18F2550.asm
                    TXSTA   0x000fac       data     extern C:\MCC18\src\traditional\proc\p18F2550.asm
                    TXREG   0x000fad       data     extern C:\MCC18\src\traditional\proc\p18F2550.asm
                    RCREG   0x000fae       data     extern C:\MCC18\src\traditional\proc\p18F2550.asm
                    SPBRG   0x000faf       data     extern C:\MCC18\src\traditional\proc\p18F2550.asm
                   SPBRGH   0x000fb0       data     extern C:\MCC18\src\traditional\proc\p18F2550.asm
                T3CONbits   0x000fb1       data     extern C:\MCC18\src\traditional\proc\p18F2550.asm
                    T3CON   0x000fb1       data     extern C:\MCC18\src\traditional\proc\p18F2550.asm
                    TMR3L   0x000fb2       data     extern C:\MCC18\src\traditional\proc\p18F2550.asm
                    TMR3H   0x000fb3       data     extern C:\MCC18\src\traditional\proc\p18F2550.asm
                CMCONbits   0x000fb4       data     extern C:\MCC18\src\traditional\proc\p18F2550.asm
                    CMCON   0x000fb4       data     extern C:\MCC18\src\traditional\proc\p18F2550.asm
               CVRCONbits   0x000fb5       data     extern C:\MCC18\src\traditional\proc\p18F2550.asm
                   CVRCON   0x000fb5       data     extern C:\MCC18\src\traditional\proc\p18F2550.asm
                   CCP1AS   0x000fb6       data     extern C:\MCC18\src\traditional\proc\p18F2550.asm
               CCP1ASbits   0x000fb6       data     extern C:\MCC18\src\traditional\proc\p18F2550.asm
                  ECCP1AS   0x000fb6       data     extern C:\MCC18\src\traditional\proc\p18F2550.asm
              ECCP1ASbits   0x000fb6       data     extern C:\MCC18\src\traditional\proc\p18F2550.asm
                  CCP1DEL   0x000fb7       data     extern C:\MCC18\src\traditional\proc\p18F2550.asm
              CCP1DELbits   0x000fb7       data     extern C:\MCC18\src\traditional\proc\p18F2550.asm
             ECCP1DELbits   0x000fb7       data     extern C:\MCC18\src\traditional\proc\p18F2550.asm
                 ECCP1DEL   0x000fb7       data     extern C:\MCC18\src\traditional\proc\p18F2550.asm
              BAUDCONbits   0x000fb8       data     extern C:\MCC18\src\traditional\proc\p18F2550.asm
                  BAUDCON   0x000fb8       data     extern C:\MCC18\src\traditional\proc\p18F2550.asm
              CCP2CONbits   0x000fba       data     extern C:\MCC18\src\traditional\proc\p18F2550.asm
                  CCP2CON   0x000fba       data     extern C:\MCC18\src\traditional\proc\p18F2550.asm
                   CCPR2L   0x000fbb       data     extern C:\MCC18\src\traditional\proc\p18F2550.asm
                    CCPR2   0x000fbb       data     extern C:\MCC18\src\traditional\proc\p18F2550.asm
                   CCPR2H   0x000fbc       data     extern C:\MCC18\src\traditional\proc\p18F2550.asm
              CCP1CONbits   0x000fbd       data     extern C:\MCC18\src\traditional\proc\p18F2550.asm
                  CCP1CON   0x000fbd       data     extern C:\MCC18\src\traditional\proc\p18F2550.asm
                    CCPR1   0x000fbe       data     extern C:\MCC18\src\traditional\proc\p18F2550.asm
                   CCPR1L   0x000fbe       data     extern C:\MCC18\src\traditional\proc\p18F2550.asm
                   CCPR1H   0x000fbf       data     extern C:\MCC18\src\traditional\proc\p18F2550.asm
                   ADCON2   0x000fc0       data     extern C:\MCC18\src\traditional\proc\p18F2550.asm
               ADCON2bits   0x000fc0       data     extern C:\MCC18\src\traditional\proc\p18F2550.asm
                   ADCON1   0x000fc1       data     extern C:\MCC18\src\traditional\proc\p18F2550.asm
               ADCON1bits   0x000fc1       data     extern C:\MCC18\src\traditional\proc\p18F2550.asm
                   ADCON0   0x000fc2       data     extern C:\MCC18\src\traditional\proc\p18F2550.asm
               ADCON0bits   0x000fc2       data     extern C:\MCC18\src\traditional\proc\p18F2550.asm
                    ADRES   0x000fc3       data     extern C:\MCC18\src\traditional\proc\p18F2550.asm
                   ADRESL   0x000fc3       data     extern C:\MCC18\src\traditional\proc\p18F2550.asm
                   ADRESH   0x000fc4       data     extern C:\MCC18\src\traditional\proc\p18F2550.asm
                  SSPCON2   0x000fc5       data     extern C:\MCC18\src\traditional\proc\p18F2550.asm
              SSPCON2bits   0x000fc5       data     extern C:\MCC18\src\traditional\proc\p18F2550.asm
                  SSPCON1   0x000fc6       data     extern C:\MCC18\src\traditional\proc\p18F2550.asm
              SSPCON1bits   0x000fc6       data     extern C:\MCC18\src\traditional\proc\p18F2550.asm
                  SSPSTAT   0x000fc7       data     extern C:\MCC18\src\traditional\proc\p18F2550.asm
              SSPSTATbits   0x000fc7       data     extern C:\MCC18\src\traditional\proc\p18F2550.asm
                   SSPADD   0x000fc8       data     extern C:\MCC18\src\traditional\proc\p18F2550.asm
                   SSPBUF   0x000fc9       data     extern C:\MCC18\src\traditional\proc\p18F2550.asm
                    T2CON   0x000fca       data     extern C:\MCC18\src\traditional\proc\p18F2550.asm
                T2CONbits   0x000fca       data     extern C:\MCC18\src\traditional\proc\p18F2550.asm
                      PR2   0x000fcb       data     extern C:\MCC18\src\traditional\proc\p18F2550.asm
                     TMR2   0x000fcc       data     extern C:\MCC18\src\traditional\proc\p18F2550.asm
                T1CONbits   0x000fcd       data     extern C:\MCC18\src\traditional\proc\p18F2550.asm
                    T1CON   0x000fcd       data     extern C:\MCC18\src\traditional\proc\p18F2550.asm
                    TMR1L   0x000fce       data     extern C:\MCC18\src\traditional\proc\p18F2550.asm
                    TMR1H   0x000fcf       data     extern C:\MCC18\src\traditional\proc\p18F2550.asm
                     RCON   0x000fd0       data     extern C:\MCC18\src\traditional\proc\p18F2550.asm
                 RCONbits   0x000fd0       data     extern C:\MCC18\src\traditional\proc\p18F2550.asm
                   WDTCON   0x000fd1       data     extern C:\MCC18\src\traditional\proc\p18F2550.asm
               WDTCONbits   0x000fd1       data     extern C:\MCC18\src\traditional\proc\p18F2550.asm
                  HLVDCON   0x000fd2       data     extern C:\MCC18\src\traditional\proc\p18F2550.asm
              HLVDCONbits   0x000fd2       data     extern C:\MCC18\src\traditional\proc\p18F2550.asm
                   LVDCON   0x000fd2       data     extern C:\MCC18\src\traditional\proc\p18F2550.asm
               LVDCONbits   0x000fd2       data     extern C:\MCC18\src\traditional\proc\p18F2550.asm
                   OSCCON   0x000fd3       data     extern C:\MCC18\src\traditional\proc\p18F2550.asm
               OSCCONbits   0x000fd3       data     extern C:\MCC18\src\traditional\proc\p18F2550.asm
                T0CONbits   0x000fd5       data     extern C:\MCC18\src\traditional\proc\p18F2550.asm
                    T0CON   0x000fd5       data     extern C:\MCC18\src\traditional\proc\p18F2550.asm
                    TMR0L   0x000fd6       data     extern C:\MCC18\src\traditional\proc\p18F2550.asm
                    TMR0H   0x000fd7       data     extern C:\MCC18\src\traditional\proc\p18F2550.asm
                   STATUS   0x000fd8       data     extern C:\MCC18\src\traditional\proc\p18F2550.asm
               STATUSbits   0x000fd8       data     extern C:\MCC18\src\traditional\proc\p18F2550.asm
                    FSR2L   0x000fd9       data     extern C:\MCC18\src\traditional\proc\p18F2550.asm
                     FSR2   0x000fd9       data     extern C:\MCC18\src\traditional\proc\p18F2550.asm
                    FSR2H   0x000fda       data     extern C:\MCC18\src\traditional\proc\p18F2550.asm
                   PLUSW2   0x000fdb       data     extern C:\MCC18\src\traditional\proc\p18F2550.asm
                  PREINC2   0x000fdc       data     extern C:\MCC18\src\traditional\proc\p18F2550.asm
                 POSTDEC2   0x000fdd       data     extern C:\MCC18\src\traditional\proc\p18F2550.asm
                 POSTINC2   0x000fde       data     extern C:\MCC18\src\traditional\proc\p18F2550.asm
                    INDF2   0x000fdf       data     extern C:\MCC18\src\traditional\proc\p18F2550.asm
                      BSR   0x000fe0       data     extern C:\MCC18\src\traditional\proc\p18F2550.asm
                     FSR1   0x000fe1       data     extern C:\MCC18\src\traditional\proc\p18F2550.asm
                    FSR1L   0x000fe1       data     extern C:\MCC18\src\traditional\proc\p18F2550.asm
                    FSR1H   0x000fe2       data     extern C:\MCC18\src\traditional\proc\p18F2550.asm
                   PLUSW1   0x000fe3       data     extern C:\MCC18\src\traditional\proc\p18F2550.asm
                  PREINC1   0x000fe4       data     extern C:\MCC18\src\traditional\proc\p18F2550.asm
                 POSTDEC1   0x000fe5       data     extern C:\MCC18\src\traditional\proc\p18F2550.asm
                 POSTINC1   0x000fe6       data     extern C:\MCC18\src\traditional\proc\p18F2550.asm
                    INDF1   0x000fe7       data     extern C:\MCC18\src\traditional\proc\p18F2550.asm
                     WREG   0x000fe8       data     extern C:\MCC18\src\traditional\proc\p18F2550.asm
                     FSR0   0x000fe9       data     extern C:\MCC18\src\traditional\proc\p18F2550.asm
                    FSR0L   0x000fe9       data     extern C:\MCC18\src\traditional\proc\p18F2550.asm
                    FSR0H   0x000fea       data     extern C:\MCC18\src\traditional\proc\p18F2550.asm
                   PLUSW0   0x000feb       data     extern C:\MCC18\src\traditional\proc\p18F2550.asm
                  PREINC0   0x000fec       data     extern C:\MCC18\src\traditional\proc\p18F2550.asm
                 POSTDEC0   0x000fed       data     extern C:\MCC18\src\traditional\proc\p18F2550.asm
                 POSTINC0   0x000fee       data     extern C:\MCC18\src\traditional\proc\p18F2550.asm
                    INDF0   0x000fef       data     extern C:\MCC18\src\traditional\proc\p18F2550.asm
              INTCON3bits   0x000ff0       data     extern C:\MCC18\src\traditional\proc\p18F2550.asm
                  INTCON3   0x000ff0       data     extern C:\MCC18\src\traditional\proc\p18F2550.asm
              INTCON2bits   0x000ff1       data     extern C:\MCC18\src\traditional\proc\p18F2550.asm
                  INTCON2   0x000ff1       data     extern C:\MCC18\src\traditional\proc\p18F2550.asm
               INTCONbits   0x000ff2       data     extern C:\MCC18\src\traditional\proc\p18F2550.asm
                   INTCON   0x000ff2       data     extern C:\MCC18\src\traditional\proc\p18F2550.asm
                    PRODL   0x000ff3       data     extern C:\MCC18\src\traditional\proc\p18F2550.asm
                     PROD   0x000ff3       data     extern C:\MCC18\src\traditional\proc\p18F2550.asm
                    PRODH   0x000ff4       data     extern C:\MCC18\src\traditional\proc\p18F2550.asm
                   TABLAT   0x000ff5       data     extern C:\MCC18\src\traditional\proc\p18F2550.asm
                  TBLPTRL   0x000ff6       data     extern C:\MCC18\src\traditional\proc\p18F2550.asm
                   TBLPTR   0x000ff6       data     extern C:\MCC18\src\traditional\proc\p18F2550.asm
                  TBLPTRH   0x000ff7       data     extern C:\MCC18\src\traditional\proc\p18F2550.asm
                  TBLPTRU   0x000ff8       data     extern C:\MCC18\src\traditional\proc\p18F2550.asm
                       PC   0x000ff9       data     extern C:\MCC18\src\traditional\proc\p18F2550.asm
                      PCL   0x000ff9       data     extern C:\MCC18\src\traditional\proc\p18F2550.asm
                   PCLATH   0x000ffa       data     extern C:\MCC18\src\traditional\proc\p18F2550.asm
                   PCLATU   0x000ffb       data     extern C:\MCC18\src\traditional\proc\p18F2550.asm
                   STKPTR   0x000ffc       data     extern C:\MCC18\src\traditional\proc\p18F2550.asm
               STKPTRbits   0x000ffc       data     extern C:\MCC18\src\traditional\proc\p18F2550.asm
                      TOS   0x000ffd       data     extern C:\MCC18\src\traditional\proc\p18F2550.asm
                     TOSL   0x000ffd       data     extern C:\MCC18\src\traditional\proc\p18F2550.asm
                     TOSH   0x000ffe       data     extern C:\MCC18\src\traditional\proc\p18F2550.asm
                     TOSU   0x000fff       data     extern C:\MCC18\src\traditional\proc\p18F2550.asm


